Archive member included to satisfy reference by file (symbol)

/opt/devkitpro/libtonc/lib/libtonc.a(tonc_input.o)
                              main.o (key_poll)
/opt/devkitpro/libtonc/lib/libtonc.a(tonc_irq.o)
                              main.o (irq_init)
/opt/devkitpro/libtonc/lib/libtonc.a(tonc_text.o)
                              main.o (txt_init_std)
/opt/devkitpro/libtonc/lib/libtonc.a(tonc_text_oam.o)
                              main.o (txt_init_obj)
/opt/devkitpro/libtonc/lib/libtonc.a(tonc_bios.o)
                              render.o (VBlankIntrWait)
/opt/devkitpro/libtonc/lib/libtonc.a(tonc_isr_master.o)
                              /opt/devkitpro/libtonc/lib/libtonc.a(tonc_irq.o) (isr_master)
/opt/devkitpro/libtonc/lib/libtonc.a(tonc_memset.o)
                              /opt/devkitpro/libtonc/lib/libtonc.a(tonc_irq.o) (memset32)
/opt/devkitpro/libtonc/lib/libtonc.a(toncfont.o)
                              /opt/devkitpro/libtonc/lib/libtonc.a(tonc_text.o) (toncfontTiles)
/opt/devkitpro/devkitARM/lib/gcc/arm-none-eabi/15.2.0/thumb/libgcc.a(_divsi3.o)
                              math.o (__aeabi_idiv)
/opt/devkitpro/devkitARM/lib/gcc/arm-none-eabi/15.2.0/thumb/libgcc.a(_dvmd_tls.o)
                              /opt/devkitpro/devkitARM/lib/gcc/arm-none-eabi/15.2.0/thumb/libgcc.a(_divsi3.o) (__aeabi_idiv0)
/opt/devkitpro/devkitARM/lib/gcc/arm-none-eabi/15.2.0/thumb/libgcc.a(_sync_none.o)
                              (__sync_synchronize_none)
/opt/devkitpro/devkitARM/lib/gcc/arm-none-eabi/15.2.0/../../../../arm-none-eabi/lib/thumb/libg.a(libc_a-siprintf.o)
                              main.o (siprintf)
/opt/devkitpro/devkitARM/lib/gcc/arm-none-eabi/15.2.0/../../../../arm-none-eabi/lib/thumb/libg.a(libc_a-memset.o)
                              render.o (memset)
/opt/devkitpro/devkitARM/lib/gcc/arm-none-eabi/15.2.0/../../../../arm-none-eabi/lib/thumb/libg.a(libc_a-vsnprintf.o)
                              mgba.o (vsnprintf)
/opt/devkitpro/devkitARM/lib/gcc/arm-none-eabi/15.2.0/../../../../arm-none-eabi/lib/thumb/libg.a(libc_a-init.o)
                              /opt/devkitpro/devkitARM/lib/gcc/arm-none-eabi/15.2.0/../../../../arm-none-eabi/lib/thumb/gba_crt0.o (__libc_init_array)
/opt/devkitpro/devkitARM/lib/gcc/arm-none-eabi/15.2.0/../../../../arm-none-eabi/lib/thumb/libg.a(libc_a-strncpy.o)
                              mgba.o (strncpy)
/opt/devkitpro/devkitARM/lib/gcc/arm-none-eabi/15.2.0/../../../../arm-none-eabi/lib/thumb/libg.a(libc_a-memmove.o)
                              /opt/devkitpro/libtonc/lib/libtonc.a(tonc_irq.o) (memmove)
/opt/devkitpro/devkitARM/lib/gcc/arm-none-eabi/15.2.0/../../../../arm-none-eabi/lib/thumb/libg.a(libc_a-svfprintf.o)
                              /opt/devkitpro/devkitARM/lib/gcc/arm-none-eabi/15.2.0/../../../../arm-none-eabi/lib/thumb/libg.a(libc_a-vsnprintf.o) (_svfprintf_r)
/opt/devkitpro/devkitARM/lib/gcc/arm-none-eabi/15.2.0/../../../../arm-none-eabi/lib/thumb/libg.a(libm_a-s_frexp.o)
                              /opt/devkitpro/devkitARM/lib/gcc/arm-none-eabi/15.2.0/../../../../arm-none-eabi/lib/thumb/libg.a(libc_a-svfprintf.o) (frexp)
/opt/devkitpro/devkitARM/lib/gcc/arm-none-eabi/15.2.0/../../../../arm-none-eabi/lib/thumb/libg.a(libc_a-strlen.o)
                              /opt/devkitpro/devkitARM/lib/gcc/arm-none-eabi/15.2.0/../../../../arm-none-eabi/lib/thumb/libg.a(libc_a-svfprintf.o) (strlen)
/opt/devkitpro/devkitARM/lib/gcc/arm-none-eabi/15.2.0/../../../../arm-none-eabi/lib/thumb/libg.a(libc_a-wcrtomb.o)
                              /opt/devkitpro/devkitARM/lib/gcc/arm-none-eabi/15.2.0/../../../../arm-none-eabi/lib/thumb/libg.a(libc_a-svfprintf.o) (_wcrtomb_r)
/opt/devkitpro/devkitARM/lib/gcc/arm-none-eabi/15.2.0/../../../../arm-none-eabi/lib/thumb/libg.a(libc_a-svfiprintf.o)
                              /opt/devkitpro/devkitARM/lib/gcc/arm-none-eabi/15.2.0/../../../../arm-none-eabi/lib/thumb/libg.a(libc_a-svfprintf.o) (__chclass)
/opt/devkitpro/devkitARM/lib/gcc/arm-none-eabi/15.2.0/../../../../arm-none-eabi/lib/thumb/libg.a(libc_a-ssprint_r.o)
                              /opt/devkitpro/devkitARM/lib/gcc/arm-none-eabi/15.2.0/../../../../arm-none-eabi/lib/thumb/libg.a(libc_a-svfprintf.o) (__ssprint_r)
/opt/devkitpro/devkitARM/lib/gcc/arm-none-eabi/15.2.0/../../../../arm-none-eabi/lib/thumb/libg.a(libc_a-locale.o)
                              /opt/devkitpro/devkitARM/lib/gcc/arm-none-eabi/15.2.0/../../../../arm-none-eabi/lib/thumb/libg.a(libc_a-svfprintf.o) (__global_locale)
/opt/devkitpro/devkitARM/lib/gcc/arm-none-eabi/15.2.0/../../../../arm-none-eabi/lib/thumb/libg.a(libc_a-mallocr.o)
                              /opt/devkitpro/devkitARM/lib/gcc/arm-none-eabi/15.2.0/../../../../arm-none-eabi/lib/thumb/libg.a(libc_a-svfprintf.o) (_malloc_r)
/opt/devkitpro/devkitARM/lib/gcc/arm-none-eabi/15.2.0/../../../../arm-none-eabi/lib/thumb/libg.a(libc_a-dtoa.o)
[...]
Memory Configuration

Name             Origin             Length             Attributes
rom              0x08000000         0x02000000
iwram            0x03000000         0x00008000
ewram            0x02000000         0x00040000
*default*        0x00000000         0xffffffff

Linker script and memory map

                0x00000000                        __sync_synchronize = __sync_synchronize_none
                0x08000000                        __text_start = ORIGIN (rom)
                0x02040000                        __eheap_end = (ORIGIN (ewram) + LENGTH (ewram))
                0x03000000                        __iwram_start = ORIGIN (iwram)
                0x03008000                        __iwram_top = (ORIGIN (iwram) + LENGTH (iwram))
                0x03007fa0                        __sp_irq = (__iwram_top - 0x60)
                0x03007f00                        __sp_usr = (__sp_irq - 0xa0)
                0x03007ff8                        __irq_flags = 0x3007ff8
                0x08000000                        . = __text_start

.crt0           0x08000000      0x210
 *(.crt0)
 .crt0          0x08000000      0x210 /opt/devkitpro/devkitARM/lib/gcc/arm-none-eabi/15.2.0/../../../../arm-none-eabi/lib/thumb/gba_crt0.o
                0x08000000                _start
                0x080000c4                __boot_method
                0x080000c5                __slave_number
                0x080000e0                start_vector
                0x08000210                        . = ALIGN (0x4)

.init           0x08000210        0xc
 *(SORT_NONE(.init))
 .init          0x08000210        0x4 /opt/devkitpro/devkitARM/lib/gcc/arm-none-eabi/15.2.0/thumb/crti.o
                0x08000210                _init
 .init          0x08000214        0x8 /opt/devkitpro/devkitARM/lib/gcc/arm-none-eabi/15.2.0/thumb/crtn.o

.plt            0x0800021c        0x0
 *(.plt)
                0x0800021c                        . = ALIGN (0x4)

.text           0x08000220     0xbef0
 *(EXCLUDE_FILE(*.iwram*) .text*)
 .text.__do_global_dtors_aux
                0x08000220       0x2c /opt/devkitpro/devkitARM/lib/gcc/arm-none-eabi/15.2.0/thumb/crtbegin.o
 .text.frame_dummy
                0x0800024c       0x24 /opt/devkitpro/devkitARM/lib/gcc/arm-none-eabi/15.2.0/thumb/crtbegin.o
 .text          0x08000270       0x90 core.o
                0x08000270                YGR_initCamera
                0x0800028c                YGR_initRayConstraints
                0x08000298                YGR_heightAt
                0x080002bc                YGR_tick
                0x080002f0                YGR_Thinker_init
                0x080002f4                YGR_Thinker_set
                0x080002f8                YGR_Thinker_repeat
                0x080002fc                YGR_Thinker_update
 .text.startup  0x08000300       0x18 core.o
                0x08000300                YGR_init
 .text          0x08000318       0xfc mgba.o
                0x08000318                mgba_stdout_write
                0x08000348                mgba_stderr_write
                0x08000378                mgba_printf
                0x080003b0                mgba_console_open
                0x080003e8                mgba_open
                0x08000408                mgba_close
 .text          0x08000414       0x28 render.o
 .text.startup  0x0800043c       0x9c render.o
                0x0800043c                RENDER_init
 .text          0x080004d8       0x88 main.o
                0x080004d8                initEntities
 .text.startup  0x08000560      0x54c main.o
                0x08000560                main
 .text          0x08000aac       0xac /opt/devkitpro/libtonc/lib/libtonc.a(tonc_input.o)
                0x08000aac                key_poll
                0x08000b04                key_wait_till_hit
                0x08000b28                key_repeat
                0x08000b34                key_repeat_mask
                0x08000b44                key_repeat_limits
 .text          0x08000b58      0x34c /opt/devkitpro/libtonc/lib/libtonc.a(tonc_irq.o)
                0x08000b58                irq_init
                0x08000b9c                irq_set_master
                0x08000bc8                irq_set
                0x08000cdc                irq_add
                0x08000d50                irq_delete
                0x08000df8                irq_enable
                0x08000e4c                irq_disable
 .text          0x08000ea4       0xc8 /opt/devkitpro/libtonc/lib/libtonc.a(tonc_text.o)
                0x08000ea4                txt_init_std
                0x08000ee8                txt_bup_1toX
 .text          0x08000f6c      0x134 /opt/devkitpro/libtonc/lib/libtonc.a(tonc_text_oam.o)
                0x08000f6c                txt_init_obj
                0x08000fc4                obj_putc
                0x08000ff4                obj_puts
                0x08001060                obj_clrs
 .text          0x080010a0       0x8c /opt/devkitpro/libtonc/lib/libtonc.a(tonc_bios.o)
                0x080010a0                SoftReset
                0x080010a4                RegisterRamReset
                0x080010a8                Halt
                0x080010ac                Stop
                0x080010b0                IntrWait
                0x080010b4                VBlankIntrWait
                0x080010b8                Div
                0x080010bc                DivArm
                0x080010c0                Sqrt
                0x080010c4                ArcTan
                0x080010c8                ArcTan2
                0x080010cc                CpuSet
                0x080010d0                CpuFastSet
                0x080010d4                BiosCheckSum
                0x080010d8                BgAffineSet
                0x080010dc                ObjAffineSet
                0x080010e0                BitUnPack
                0x080010e4                LZ77UnCompWram
                0x080010e8                LZ77UnCompVram
                0x080010ec                HuffUnComp
                0x080010f0                RLUnCompWram
                0x080010f4                RLUnCompVram
                0x080010f8                Diff8bitUnFilterWram
                0x080010fc                Diff8bitUnFilterVram
                0x08001100                Diff16bitUnFilter
                0x08001104                SoundBias
                0x08001108                SoundDriverInit
                0x0800110c                SoundDriverMode
                0x08001110                SoundDriverMain
                0x08001114                SoundDriverVSync
                0x08001118                SoundChannelClear
                0x0800111c                MidiKey2Freq
                0x08001120                MultiBoot
                0x08001124                SoundDriverVSyncOff
                0x08001128                SoundDriverVSyncOn
 .text          0x0800112c      0x150 /opt/devkitpro/devkitARM/lib/gcc/arm-none-eabi/15.2.0/thumb/libgcc.a(_divsi3.o)
                0x0800112c                __aeabi_idiv
                0x0800112c                __divsi3
                0x0800125c                __aeabi_idivmod
 .text          0x0800127c        0x4 /opt/devkitpro/devkitARM/lib/gcc/arm-none-eabi/15.2.0/thumb/libgcc.a(_dvmd_tls.o)
                0x0800127c                __aeabi_ldiv0
                0x0800127c                __aeabi_idiv0
 .text.siprintf
                0x08001280       0x44 /opt/devkitpro/devkitARM/lib/gcc/arm-none-eabi/15.2.0/../../../../arm-none-eabi/lib/thumb/libg.a(libc_a-siprintf.o)
                0x08001280                siprintf
 .text.memset   0x080012c4       0x8c /opt/devkitpro/devkitARM/lib/gcc/arm-none-eabi/15.2.0/../../../../arm-none-eabi/lib/thumb/libg.a(libc_a-memset.o)
                0x080012c4                memset
 .text._vsnprintf_r
                0x08001350       0x58 /opt/devkitpro/devkitARM/lib/gcc/arm-none-eabi/15.2.0/../../../../arm-none-eabi/lib/thumb/libg.a(libc_a-vsnprintf.o)
                0x08001350                _vsnprintf_r
 .text.vsnprintf
                0x080013a8       0x24 /opt/devkitpro/devkitARM/lib/gcc/arm-none-eabi/15.2.0/../../../../arm-none-eabi/lib/thumb/libg.a(libc_a-vsnprintf.o)
                0x080013a8                vsnprintf
 .text.__libc_init_array
                0x080013cc       0x54 /opt/devkitpro/devkitARM/lib/gcc/arm-none-eabi/15.2.0/../../../../arm-none-eabi/lib/thumb/libg.a(libc_a-init.o)
                0x080013cc                __libc_init_array
 .text.strncpy  0x08001420       0x68 /opt/devkitpro/devkitARM/lib/gcc/arm-none-eabi/15.2.0/../../../../arm-none-eabi/lib/thumb/libg.a(libc_a-strncpy.o)
                0x08001420                strncpy
 .text.memmove  0x08001488      0x108 /opt/devkitpro/devkitARM/lib/gcc/arm-none-eabi/15.2.0/../../../../arm-none-eabi/lib/thumb/libg.a(libc_a-memmove.o)
                0x08001488                memmove
 .text.get_arg  0x08001590      0x404 /opt/devkitpro/devkitARM/lib/gcc/arm-none-eabi/15.2.0/../../../../arm-none-eabi/lib/thumb/libg.a(libc_a-svfprintf.o)
 .text._svfprintf_r
                0x08001994     0x22e0 /opt/devkitpro/devkitARM/lib/gcc/arm-none-eabi/15.2.0/../../../../arm-none-eabi/lib/thumb/libg.a(libc_a-svfprintf.o)
                0x08001994                _svfprintf_r
 .text.frexp    0x08003c74       0x74 /opt/devkitpro/devkitARM/lib/gcc/arm-none-eabi/15.2.0/../../../../arm-none-eabi/lib/thumb/libg.a(libm_a-s_frexp.o)
                0x08003c74                frexp
 .text.strlen   0x08003ce8       0x60 /opt/devkitpro/devkitARM/lib/gcc/arm-none-eabi/15.2.0/../../../../arm-none-eabi/lib/thumb/libg.a(libc_a-strlen.o)
                0x08003ce8                strlen
 .text._wcrtomb_r
                0x08003d48       0x88 /opt/devkitpro/devkitARM/lib/gcc/arm-none-eabi/15.2.0/../../../../arm-none-eabi/lib/thumb/libg.a(libc_a-wcrtomb.o)
                0x08003d48                _wcrtomb_r
 .text.get_arg  0x08003dd0      0x404 /opt/devkitpro/devkitARM/lib/gcc/arm-none-eabi/15.2.0/../../../../arm-none-eabi/lib/thumb/libg.a(libc_a-svfiprintf.o)
 .text._svfiprintf_r
                0x080041d4     0x16a4 /opt/devkitpro/devkitARM/lib/gcc/arm-none-eabi/15.2.0/../../../../arm-none-eabi/lib/thumb/libg.a(libc_a-svfiprintf.o)
                0x080041d4                _svfiprintf_r
 .text.__ssprint_r
                0x08005878       0x60 /opt/devkitpro/devkitARM/lib/gcc/arm-none-eabi/15.2.0/../../../../arm-none-eabi/lib/thumb/libg.a(libc_a-ssprint_r.o)
                0x08005878                __ssprint_r
 .text.__locale_mb_cur_max
                0x080058d8       0x20 /opt/devkitpro/devkitARM/lib/gcc/arm-none-eabi/15.2.0/../../../../arm-none-eabi/lib/thumb/libg.a(libc_a-locale.o)
                0x080058d8                __locale_mb_cur_max
 .text._malloc_r
                0x080058f8      0x550 /opt/devkitpro/devkitARM/lib/gcc/arm-none-eabi/15.2.0/../../../../arm-none-eabi/lib/thumb/libg.a(libc_a-mallocr.o)
                0x080058f8                _malloc_r
 .text.quorem   0x08005e48      0x160 /opt/devkitpro/devkitARM/lib/gcc/arm-none-eabi/15.2.0/../../../../arm-none-eabi/lib/thumb/libg.a(libc_a-dtoa.o)
 .text._dtoa_r  0x08005fa8     0x10a0 /opt/devkitpro/devkitARM/lib/gcc/arm-none-eabi/15.2.0/../../../../arm-none-eabi/lib/thumb/libg.a(libc_a-dtoa.o)
                0x08005fa8                _dtoa_r
 .text._malloc_trim_r
                0x08007048       0xac /opt/devkitpro/devkitARM/lib/gcc/arm-none-eabi/15.2.0/../../../../arm-none-eabi/lib/thumb/libg.a(libc_a-freer.o)
                0x08007048                _malloc_trim_r
 .text._free_r  0x080070f4      0x1d8 /opt/devkitpro/devkitARM/lib/gcc/arm-none-eabi/15.2.0/../../../../arm-none-eabi/lib/thumb/libg.a(libc_a-freer.o)
                0x080070f4                _free_r
 .text.memchr   0x080072cc       0x74 /opt/devkitpro/devkitARM/lib/gcc/arm-none-eabi/15.2.0/../../../../arm-none-eabi/lib/thumb/libg.a(libc_a-memchr-stub.o)
                0x080072cc                memchr
 .text._wcsrtombs_r
                0x08007340       0x20 /opt/devkitpro/devkitARM/lib/gcc/arm-none-eabi/15.2.0/../../../../arm-none-eabi/lib/thumb/libg.a(libc_a-wcsrtombs.o)
                0x08007340                _wcsrtombs_r
 .text._localeconv_r
                0x08007360       0x20 /opt/devkitpro/devkitARM/lib/gcc/arm-none-eabi/15.2.0/../../../../arm-none-eabi/lib/thumb/libg.a(libc_a-localeconv.o)
                0x08007360                _localeconv_r
 .text.__malloc_lock
                0x08007380       0x14 /opt/devkitpro/devkitARM/lib/gcc/arm-none-eabi/15.2.0/../../../../arm-none-eabi/lib/thumb/libg.a(libc_a-mlock.o)
                0x08007380                __malloc_lock
 .text.__malloc_unlock
                0x08007394       0x14 /opt/devkitpro/devkitARM/lib/gcc/arm-none-eabi/15.2.0/../../../../arm-none-eabi/lib/thumb/libg.a(libc_a-mlock.o)
                0x08007394                __malloc_unlock
 .text.__ssputs_r
                0x080073a8       0xd4 /opt/devkitpro/devkitARM/lib/gcc/arm-none-eabi/15.2.0/../../../../arm-none-eabi/lib/thumb/libg.a(libc_a-ssputs_r.o)
                0x080073a8                __ssputs_r
 .text.__utf8_wctomb
                0x0800747c       0xbc /opt/devkitpro/devkitARM/lib/gcc/arm-none-eabi/15.2.0/../../../../arm-none-eabi/lib/thumb/libg.a(libc_a-wctomb_r.o)
                0x0800747c                __utf8_wctomb
 .text._wcsnrtombs_l
                0x08007538      0x120 /opt/devkitpro/devkitARM/lib/gcc/arm-none-eabi/15.2.0/../../../../arm-none-eabi/lib/thumb/libg.a(libc_a-wcsnrtombs.o)
                0x08007538                _wcsnrtombs_l
 .text._wcsnrtombs_r
                0x08007658       0x40 /opt/devkitpro/devkitARM/lib/gcc/arm-none-eabi/15.2.0/../../../../arm-none-eabi/lib/thumb/libg.a(libc_a-wcsnrtombs.o)
                0x08007658                _wcsnrtombs_r
 .text.memcpy   0x08007698       0xac /opt/devkitpro/devkitARM/lib/gcc/arm-none-eabi/15.2.0/../../../../arm-none-eabi/lib/thumb/libg.a(libc_a-memcpy-stub.o)
                0x08007698                memcpy
 .text.__assert_func
                0x08007744       0x40 /opt/devkitpro/devkitARM/lib/gcc/arm-none-eabi/15.2.0/../../../../arm-none-eabi/lib/thumb/libg.a(libc_a-assert.o)
                0x08007744                __assert_func
 .text._Balloc  0x08007784       0x5c /opt/devkitpro/devkitARM/lib/gcc/arm-none-eabi/15.2.0/../../../../arm-none-eabi/lib/thumb/libg.a(libc_a-mprec.o)
                0x08007784                _Balloc
 .text._Bfree   0x080077e0       0x14 /opt/devkitpro/devkitARM/lib/gcc/arm-none-eabi/15.2.0/../../../../arm-none-eabi/lib/thumb/libg.a(libc_a-mprec.o)
                0x080077e0                _Bfree
 .text.__multadd
                0x080077f4       0xa8 /opt/devkitpro/devkitARM/lib/gcc/arm-none-eabi/15.2.0/../../../../arm-none-eabi/lib/thumb/libg.a(libc_a-mprec.o)
                0x080077f4                __multadd
 .text.__hi0bits
                0x0800789c       0x60 /opt/devkitpro/devkitARM/lib/gcc/arm-none-eabi/15.2.0/../../../../arm-none-eabi/lib/thumb/libg.a(libc_a-mprec.o)
                0x0800789c                __hi0bits
 .text.__lo0bits
                0x080078fc       0x8c /opt/devkitpro/devkitARM/lib/gcc/arm-none-eabi/15.2.0/../../../../arm-none-eabi/lib/thumb/libg.a(libc_a-mprec.o)
                0x080078fc                __lo0bits
 .text.__i2b    0x08007988       0x64 /opt/devkitpro/devkitARM/lib/gcc/arm-none-eabi/15.2.0/../../../../arm-none-eabi/lib/thumb/libg.a(libc_a-mprec.o)
                0x08007988                __i2b
 .text.__multiply
                0x080079ec      0x1b4 /opt/devkitpro/devkitARM/lib/gcc/arm-none-eabi/15.2.0/../../../../arm-none-eabi/lib/thumb/libg.a(libc_a-mprec.o)
                0x080079ec                __multiply
 .text.__pow5mult
                0x08007ba0       0xd8 /opt/devkitpro/devkitARM/lib/gcc/arm-none-eabi/15.2.0/../../../../arm-none-eabi/lib/thumb/libg.a(libc_a-mprec.o)
                0x08007ba0                __pow5mult
 .text.__lshift
                0x08007c78       0xf8 /opt/devkitpro/devkitARM/lib/gcc/arm-none-eabi/15.2.0/../../../../arm-none-eabi/lib/thumb/libg.a(libc_a-mprec.o)
                0x08007c78                __lshift
 .text.__mcmp   0x08007d70       0x50 /opt/devkitpro/devkitARM/lib/gcc/arm-none-eabi/15.2.0/../../../../arm-none-eabi/lib/thumb/libg.a(libc_a-mprec.o)
                0x08007d70                __mcmp
 .text.__mdiff  0x08007dc0      0x1a4 /opt/devkitpro/devkitARM/lib/gcc/arm-none-eabi/15.2.0/../../../../arm-none-eabi/lib/thumb/libg.a(libc_a-mprec.o)
                0x08007dc0                __mdiff
 .text.__d2b    0x08007f64       0xd4 /opt/devkitpro/devkitARM/lib/gcc/arm-none-eabi/15.2.0/../../../../arm-none-eabi/lib/thumb/libg.a(libc_a-mprec.o)
                0x08007f64                __d2b
 .text.__utf8_mbtowc
                0x08008038      0x24c /opt/devkitpro/devkitARM/lib/gcc/arm-none-eabi/15.2.0/../../../../arm-none-eabi/lib/thumb/libg.a(libc_a-mbtowc_r.o)
                0x08008038                __utf8_mbtowc
 .text.fiprintf
                0x08008284       0x28 /opt/devkitpro/devkitARM/lib/gcc/arm-none-eabi/15.2.0/../../../../arm-none-eabi/lib/thumb/libg.a(libc_a-fiprintf.o)
                0x08008284                fiprintf
 .text.__errno  0x080082ac        0xc /opt/devkitpro/devkitARM/lib/gcc/arm-none-eabi/15.2.0/../../../../arm-none-eabi/lib/thumb/libg.a(libc_a-errno.o)
                0x080082ac                __errno
 .text.abort    0x080082b8       0x10 /opt/devkitpro/devkitARM/lib/gcc/arm-none-eabi/15.2.0/../../../../arm-none-eabi/lib/thumb/libg.a(libc_a-abort.o)
                0x080082b8                abort
 .text._calloc_r
                0x080082c8       0xcc /opt/devkitpro/devkitARM/lib/gcc/arm-none-eabi/15.2.0/../../../../arm-none-eabi/lib/thumb/libg.a(libc_a-callocr.o)
                0x080082c8                _calloc_r
 .text._realloc_r
                0x08008394      0x344 /opt/devkitpro/devkitARM/lib/gcc/arm-none-eabi/15.2.0/../../../../arm-none-eabi/lib/thumb/libg.a(libc_a-reallocr.o)
                0x08008394                _realloc_r
 .text.get_arg  0x080086d8      0x404 /opt/devkitpro/devkitARM/lib/gcc/arm-none-eabi/15.2.0/../../../../arm-none-eabi/lib/thumb/libg.a(libc_a-vfiprintf.o)
 .text._vfiprintf_r
                0x08008adc     0x16d8 /opt/devkitpro/devkitARM/lib/gcc/arm-none-eabi/15.2.0/../../../../arm-none-eabi/lib/thumb/libg.a(libc_a-vfiprintf.o)
                0x08008adc                _vfiprintf_r
 .text.__sbprintf
                0x0800a1b4       0x7c /opt/devkitpro/devkitARM/lib/gcc/arm-none-eabi/15.2.0/../../../../arm-none-eabi/lib/thumb/libg.a(libc_a-vfiprintf.o)
 .text._raise_r
                0x0800a230       0x60 /opt/devkitpro/devkitARM/lib/gcc/arm-none-eabi/15.2.0/../../../../arm-none-eabi/lib/thumb/libg.a(libc_a-signal.o)
                0x0800a230                _raise_r
 .text.raise    0x0800a290       0x14 /opt/devkitpro/devkitARM/lib/gcc/arm-none-eabi/15.2.0/../../../../arm-none-eabi/lib/thumb/libg.a(libc_a-signal.o)
                0x0800a290                raise
 .text.__sflush_r
                0x0800a2a4      0x180 /opt/devkitpro/devkitARM/lib/gcc/arm-none-eabi/15.2.0/../../../../arm-none-eabi/lib/thumb/libg.a(libc_a-fflush.o)
                0x0800a2a4                __sflush_r
 .text._fflush_r
                0x0800a424       0x70 /opt/devkitpro/devkitARM/lib/gcc/arm-none-eabi/15.2.0/../../../../arm-none-eabi/lib/thumb/libg.a(libc_a-fflush.o)
                0x0800a424                _fflush_r
 .text.__sprint_r
                0x0800a494       0x24 /opt/devkitpro/devkitARM/lib/gcc/arm-none-eabi/15.2.0/../../../../arm-none-eabi/lib/thumb/libg.a(libc_a-sprint_r.o)
                0x0800a494                __sprint_r
 .text.stdio_exit_handler
                0x0800a4b8       0x20 /opt/devkitpro/devkitARM/lib/gcc/arm-none-eabi/15.2.0/../../../../arm-none-eabi/lib/thumb/libg.a(libc_a-findfp.o)
 .text.cleanup_stdio
                0x0800a4d8       0x40 /opt/devkitpro/devkitARM/lib/gcc/arm-none-eabi/15.2.0/../../../../arm-none-eabi/lib/thumb/libg.a(libc_a-findfp.o)
 .text.global_stdio_init.part.0
                0x0800a518      0x120 /opt/devkitpro/devkitARM/lib/gcc/arm-none-eabi/15.2.0/../../../../arm-none-eabi/lib/thumb/libg.a(libc_a-findfp.o)
 .text.__sinit  0x0800a638       0x3c /opt/devkitpro/devkitARM/lib/gcc/arm-none-eabi/15.2.0/../../../../arm-none-eabi/lib/thumb/libg.a(libc_a-findfp.o)
                0x0800a638                __sinit
 .text.__sfp_lock_acquire
                0x0800a674       0x14 /opt/devkitpro/devkitARM/lib/gcc/arm-none-eabi/15.2.0/../../../../arm-none-eabi/lib/thumb/libg.a(libc_a-findfp.o)
                0x0800a674                __sfp_lock_acquire
 .text.__sfp_lock_release
                0x0800a688       0x14 /opt/devkitpro/devkitARM/lib/gcc/arm-none-eabi/15.2.0/../../../../arm-none-eabi/lib/thumb/libg.a(libc_a-findfp.o)
                0x0800a688                __sfp_lock_release
 .text.__swsetup_r
                0x0800a69c       0xd4 /opt/devkitpro/devkitARM/lib/gcc/arm-none-eabi/15.2.0/../../../../arm-none-eabi/lib/thumb/libg.a(libc_a-wsetup.o)
                0x0800a69c                __swsetup_r
 .text.__sread  0x0800a770       0x34 /opt/devkitpro/devkitARM/lib/gcc/arm-none-eabi/15.2.0/../../../../arm-none-eabi/lib/thumb/libg.a(libc_a-stdio.o)
                0x0800a770                __sread
 .text.__swrite
                0x0800a7a4       0x4c /opt/devkitpro/devkitARM/lib/gcc/arm-none-eabi/15.2.0/../../../../arm-none-eabi/lib/thumb/libg.a(libc_a-stdio.o)
                0x0800a7a4                __swrite
 .text.__sseek  0x0800a7f0       0x3c /opt/devkitpro/devkitARM/lib/gcc/arm-none-eabi/15.2.0/../../../../arm-none-eabi/lib/thumb/libg.a(libc_a-stdio.o)
                0x0800a7f0                __sseek
 .text.__sclose
                0x0800a82c       0x10 /opt/devkitpro/devkitARM/lib/gcc/arm-none-eabi/15.2.0/../../../../arm-none-eabi/lib/thumb/libg.a(libc_a-stdio.o)
                0x0800a82c                __sclose
 .text._fclose_r
                0x0800a83c       0xe0 /opt/devkitpro/devkitARM/lib/gcc/arm-none-eabi/15.2.0/../../../../arm-none-eabi/lib/thumb/libg.a(libc_a-fclose.o)
                0x0800a83c                _fclose_r
 .text._fwalk_sglue
                0x0800a91c       0x4c /opt/devkitpro/devkitARM/lib/gcc/arm-none-eabi/15.2.0/../../../../arm-none-eabi/lib/thumb/libg.a(libc_a-fwalk.o)
                0x0800a91c                _fwalk_sglue
 .text.__sfvwrite_r
                0x0800a968      0x31c /opt/devkitpro/devkitARM/lib/gcc/arm-none-eabi/15.2.0/../../../../arm-none-eabi/lib/thumb/libg.a(libc_a-fvwrite.o)
                0x0800a968                __sfvwrite_r
 .text.__smakebuf_r
                0x0800ac84       0xe0 /opt/devkitpro/devkitARM/lib/gcc/arm-none-eabi/15.2.0/../../../../arm-none-eabi/lib/thumb/libg.a(libc_a-makebuf.o)
                0x0800ac84                __smakebuf_r
 .text._memalign_r
                0x0800ad64      0x118 /opt/devkitpro/devkitARM/lib/gcc/arm-none-eabi/15.2.0/../../../../arm-none-eabi/lib/thumb/libg.a(libc_a-malignr.o)
                0x0800ad64                _memalign_r
 .text._exit    0x0800ae7c       0x14 /opt/devkitpro/devkitARM/lib/gcc/arm-none-eabi/15.2.0/../../../../arm-none-eabi/lib/thumb/libsysbase.a(libsysbase_libsysbase_a-_exit.o)
                0x0800ae7c                _exit
 .text._fstat_r
                0x0800ae90       0x5c /opt/devkitpro/devkitARM/lib/gcc/arm-none-eabi/15.2.0/../../../../arm-none-eabi/lib/thumb/libsysbase.a(libsysbase_libsysbase_a-fstat.o)
                0x0800ae90                _fstat_r
 .text._getpid_r
                0x0800aeec        0xc /opt/devkitpro/devkitARM/lib/gcc/arm-none-eabi/15.2.0/../../../../arm-none-eabi/lib/thumb/libsysbase.a(libsysbase_libsysbase_a-getpid.o)
                0x0800aeec                _getpid_r
 .text.__getreent
                0x0800aef8       0x20 /opt/devkitpro/devkitARM/lib/gcc/arm-none-eabi/15.2.0/../../../../arm-none-eabi/lib/thumb/libsysbase.a(libsysbase_libsysbase_a-getreent.o)
                0x0800aef8                __getreent
 .text.__get_handle
                0x0800af18       0x34 /opt/devkitpro/devkitARM/lib/gcc/arm-none-eabi/15.2.0/../../../../arm-none-eabi/lib/thumb/libsysbase.a(libsysbase_libsysbase_a-handle_manager.o)
                0x0800af18                __get_handle
 .text._close_r
                0x0800af4c       0xb0 /opt/devkitpro/devkitARM/lib/gcc/arm-none-eabi/15.2.0/../../../../arm-none-eabi/lib/thumb/libsysbase.a(libsysbase_libsysbase_a-handle_manager.o)
                0x0800af4c                _close_r
 .text.null_write
                0x0800affc        0x4 /opt/devkitpro/devkitARM/lib/gcc/arm-none-eabi/15.2.0/../../../../arm-none-eabi/lib/thumb/libsysbase.a(libsysbase_libsysbase_a-iosupport.o)
 .text._isatty_r
                0x0800b000        0x4 /opt/devkitpro/devkitARM/lib/gcc/arm-none-eabi/15.2.0/../../../../arm-none-eabi/lib/thumb/libsysbase.a(libsysbase_libsysbase_a-isatty.o)
                0x0800b000                _isatty_r
 .text._kill_r  0x0800b004        0xc /opt/devkitpro/devkitARM/lib/gcc/arm-none-eabi/15.2.0/../../../../arm-none-eabi/lib/thumb/libsysbase.a(libsysbase_libsysbase_a-kill.o)
                0x0800b004                _kill_r
 .text._lseek_r
                0x0800b010       0x64 /opt/devkitpro/devkitARM/lib/gcc/arm-none-eabi/15.2.0/../../../../arm-none-eabi/lib/thumb/libsysbase.a(libsysbase_libsysbase_a-lseek.o)
                0x0800b010                _lseek_r
 .text._read_r  0x0800b074       0x5c /opt/devkitpro/devkitARM/lib/gcc/arm-none-eabi/15.2.0/../../../../arm-none-eabi/lib/thumb/libsysbase.a(libsysbase_libsysbase_a-read.o)
                0x0800b074                _read_r
 .text._sbrk_r  0x0800b0d0       0x50 /opt/devkitpro/devkitARM/lib/gcc/arm-none-eabi/15.2.0/../../../../arm-none-eabi/lib/thumb/libsysbase.a(libsysbase_libsysbase_a-sbrk.o)
                0x0800b0d0                _sbrk_r
 .text.__libc_lock_acquire
                0x0800b120       0x18 /opt/devkitpro/devkitARM/lib/gcc/arm-none-eabi/15.2.0/../../../../arm-none-eabi/lib/thumb/libsysbase.a(libsysbase_libsysbase_a-syscall_support.o)
                0x0800b120                __libc_lock_acquire
 .text.__libc_lock_release
                0x0800b138       0x18 /opt/devkitpro/devkitARM/lib/gcc/arm-none-eabi/15.2.0/../../../../arm-none-eabi/lib/thumb/libsysbase.a(libsysbase_libsysbase_a-syscall_support.o)
                0x0800b138                __libc_lock_release
 .text.__libc_lock_acquire_recursive
                0x0800b150       0x18 /opt/devkitpro/devkitARM/lib/gcc/arm-none-eabi/15.2.0/../../../../arm-none-eabi/lib/thumb/libsysbase.a(libsysbase_libsysbase_a-syscall_support.o)
                0x0800b150                __libc_lock_acquire_recursive
 .text.__libc_lock_release_recursive
                0x0800b168       0x18 /opt/devkitpro/devkitARM/lib/gcc/arm-none-eabi/15.2.0/../../../../arm-none-eabi/lib/thumb/libsysbase.a(libsysbase_libsysbase_a-syscall_support.o)
                0x0800b168                __libc_lock_release_recursive
 .text._write_r
                0x0800b180       0x5c /opt/devkitpro/devkitARM/lib/gcc/arm-none-eabi/15.2.0/../../../../arm-none-eabi/lib/thumb/libsysbase.a(libsysbase_libsysbase_a-write.o)
                0x0800b180                _write_r
 .text          0x0800b1dc       0x14 /opt/devkitpro/devkitARM/lib/gcc/arm-none-eabi/15.2.0/thumb/libgcc.a(_thumb1_case_uqi.o)
                0x0800b1dc                __gnu_thumb1_case_uqi
 .text          0x0800b1f0       0x14 /opt/devkitpro/devkitARM/lib/gcc/arm-none-eabi/15.2.0/thumb/libgcc.a(_thumb1_case_uhi.o)
                0x0800b1f0                __gnu_thumb1_case_uhi
 .text          0x0800b204      0x11c /opt/devkitpro/devkitARM/lib/gcc/arm-none-eabi/15.2.0/thumb/libgcc.a(_udivsi3.o)
                0x0800b204                __udivsi3
                0x0800b204                __aeabi_uidiv
                0x0800b300                __aeabi_uidivmod
 .text          0x0800b320      0x424 /opt/devkitpro/devkitARM/lib/gcc/arm-none-eabi/15.2.0/thumb/libgcc.a(_arm_addsubdf3.o)
                0x0800b320                __aeabi_drsub
                0x0800b328                __aeabi_dsub
                0x0800b328                __subdf3
                0x0800b32c                __adddf3
                0x0800b32c                __aeabi_dadd
                0x0800b63c                __aeabi_ui2d
                0x0800b63c                __floatunsidf
                0x0800b660                __floatsidf
                0x0800b660                __aeabi_i2d
                0x0800b688                __extendsfdf2
                0x0800b688                __aeabi_f2d
                0x0800b6d0                __aeabi_ul2d
                0x0800b6d0                __floatundidf
                0x0800b6e4                __floatdidf
                0x0800b6e4                __aeabi_l2d
 .text          0x0800b744      0x49c /opt/devkitpro/devkitARM/lib/gcc/arm-none-eabi/15.2.0/thumb/libgcc.a(_arm_muldivdf3.o)
                0x0800b744                __aeabi_dmul
                0x0800b744                __muldf3
                0x0800b9d4                __aeabi_ddiv
                0x0800b9d4                __divdf3
 .text          0x0800bbe0      0x144 /opt/devkitpro/devkitARM/lib/gcc/arm-none-eabi/15.2.0/thumb/libgcc.a(_arm_cmpdf2.o)
                0x0800bbe0                __gtdf2
                0x0800bbe0                __gedf2
                0x0800bbe8                __ltdf2
                0x0800bbe8                __ledf2
                0x0800bbf0                __cmpdf2
                0x0800bbf0                __eqdf2
                0x0800bbf0                __nedf2
                0x0800bc78                __aeabi_cdrcmple
                0x0800bc94                __aeabi_cdcmple
                0x0800bc94                __aeabi_cdcmpeq
                0x0800bcac                __aeabi_dcmpeq
                0x0800bcc4                __aeabi_dcmplt
                0x0800bcdc                __aeabi_dcmple
                0x0800bcf4                __aeabi_dcmpge
                0x0800bd0c                __aeabi_dcmpgt
 .text          0x0800bd24       0x38 /opt/devkitpro/devkitARM/lib/gcc/arm-none-eabi/15.2.0/thumb/libgcc.a(_arm_unorddf2.o)
                0x0800bd24                __aeabi_dcmpun
                0x0800bd24                __unorddf2
 .text          0x0800bd5c       0x5c /opt/devkitpro/devkitARM/lib/gcc/arm-none-eabi/15.2.0/thumb/libgcc.a(_arm_fixdfsi.o)
                0x0800bd5c                __fixdfsi
                0x0800bd5c                __aeabi_d2iz
 .text          0x0800bdb8       0x3c /opt/devkitpro/devkitARM/lib/gcc/arm-none-eabi/15.2.0/thumb/libgcc.a(_aeabi_uldivmod.o)
                0x0800bdb8                __aeabi_uldivmod
 .text.__udivmoddi4
                0x0800bdf4      0x194 /opt/devkitpro/devkitARM/lib/gcc/arm-none-eabi/15.2.0/thumb/libgcc.a(_udivmoddi4.o)
                0x0800bdf4                __udivmoddi4
 .text          0x0800bf88       0x28 /opt/devkitpro/devkitARM/lib/gcc/arm-none-eabi/15.2.0/thumb/libgcc.a(_clzdi2.o)
                0x0800bf88                __clzdi2
 .text          0x0800bfb0       0x48 /opt/devkitpro/devkitARM/lib/gcc/arm-none-eabi/15.2.0/thumb/libgcc.a(_clzsi2.o)
                0x0800bfb0                __clzsi2
 .text.free     0x0800bff8       0x14 /opt/devkitpro/devkitARM/lib/gcc/arm-none-eabi/15.2.0/../../../../arm-none-eabi/lib/thumb/libg.a(libc_a-malloc.o)
                0x0800bff8                free
 *fill*         0x0800c00c        0x4 ff
 .text.free.__stub
                0x0800c010       0xf4 linker stubs
 *(.gnu.linkonce.t.*)
 *(.text.*personality*)
 *(.gnu.warning)
 *(.glue_7t)
 .glue_7t       0x0800c104        0x0 linker stubs
 *(.glue_7)
 .glue_7        0x0800c104        0x0 linker stubs
 *(.vfp11_veneer)
 .vfp11_veneer  0x0800c104        0x0 linker stubs
                0x0800c104                        . = ALIGN (0x4)
                0x0800c110                        __text_end = .

.v4_bx          0x0800c110        0x0
 .v4_bx         0x0800c110        0x0 linker stubs

.iplt           0x0800c110        0x0
 .iplt          0x0800c110        0x0 /opt/devkitpro/devkitARM/lib/gcc/arm-none-eabi/15.2.0/../../../../arm-none-eabi/lib/thumb/gba_crt0.o

.fini           0x0800c110        0xc
 *(.fini)
 .fini          0x0800c110        0x4 /opt/devkitpro/devkitARM/lib/gcc/arm-none-eabi/15.2.0/thumb/crti.o
                0x0800c110                _fini
 .fini          0x0800c114        0x8 /opt/devkitpro/devkitARM/lib/gcc/arm-none-eabi/15.2.0/thumb/crtn.o
                0x0800c11c                        . = ALIGN (0x4)

.rodata         0x0800c120     0x9998
 *(.rodata)
 .rodata        0x0800c120     0x6c78 data.o
                0x0800c120                wall_tex
                0x0800d124                ceil_tex
                0x0800e128                floor_tex
                0x0800f12c                spriteMutant
                0x08010130                spriteFat
                0x08011134                spriteCobra
                0x08012138                spriteBin
                0x0801253c                spriteTree
                0x08012b40                floorColorMap
                0x08012c6c                level
 .rodata        0x08012d98      0x200 math.o
                0x08012d98                cosLUT
 .rodata        0x08012f98      0x100 mgba.o
 .rodata        0x08013098     0x2000 reciprocal_table.o
                0x08013098                depth_reciprocal_65536
                0x08014098                depth_reciprocal
 .rodata        0x08015098       0x30 main.o
 .rodata        0x080150c8       0x38 /opt/devkitpro/libtonc/lib/libtonc.a(tonc_irq.o)
 .rodata        0x08015100      0x300 /opt/devkitpro/libtonc/lib/libtonc.a(toncfont.o)
                0x08015100                toncfontTiles
 *all.rodata*(*)
 *(.roda)
 *(.rodata.*)
 .rodata.str1.4
                0x08015400      0x1c4 mgba.o
                                 0x18 (size before relaxing)
 .rodata.str1.4
                0x080155c4        0x0 main.o
                                  0x5 (size before relaxing)
 .rodata._svfprintf_r.str1.1
                0x080155c4       0x3b /opt/devkitpro/devkitARM/lib/gcc/arm-none-eabi/15.2.0/../../../../arm-none-eabi/lib/thumb/libg.a(libc_a-svfprintf.o)
 *fill*         0x080155ff        0x1 ff
 .rodata.zeroes.0
                0x08015600       0x10 /opt/devkitpro/devkitARM/lib/gcc/arm-none-eabi/15.2.0/../../../../arm-none-eabi/lib/thumb/libg.a(libc_a-svfprintf.o)
 .rodata.blanks.1
                0x08015610       0x10 /opt/devkitpro/devkitARM/lib/gcc/arm-none-eabi/15.2.0/../../../../arm-none-eabi/lib/thumb/libg.a(libc_a-svfprintf.o)
 .rodata._svfiprintf_r.str1.1
                0x08015620        0x0 /opt/devkitpro/devkitARM/lib/gcc/arm-none-eabi/15.2.0/../../../../arm-none-eabi/lib/thumb/libg.a(libc_a-svfiprintf.o)
                                 0x29 (size before relaxing)
 .rodata.zeroes.0
                0x08015620       0x10 /opt/devkitpro/devkitARM/lib/gcc/arm-none-eabi/15.2.0/../../../../arm-none-eabi/lib/thumb/libg.a(libc_a-svfiprintf.o)
 .rodata.blanks.1
                0x08015630       0x10 /opt/devkitpro/devkitARM/lib/gcc/arm-none-eabi/15.2.0/../../../../arm-none-eabi/lib/thumb/libg.a(libc_a-svfiprintf.o)
 .rodata.__action_table
                0x08015640       0x6c /opt/devkitpro/devkitARM/lib/gcc/arm-none-eabi/15.2.0/../../../../arm-none-eabi/lib/thumb/libg.a(libc_a-svfiprintf.o)
                0x08015640                __action_table
 .rodata.__state_table
                0x080156ac       0x6c /opt/devkitpro/devkitARM/lib/gcc/arm-none-eabi/15.2.0/../../../../arm-none-eabi/lib/thumb/libg.a(libc_a-svfiprintf.o)
                0x080156ac                __state_table
 .rodata.__chclass
                0x08015718      0x100 /opt/devkitpro/devkitARM/lib/gcc/arm-none-eabi/15.2.0/../../../../arm-none-eabi/lib/thumb/libg.a(libc_a-svfiprintf.o)
                0x08015718                __chclass
 .rodata.str1.4
                0x08015818        0x0 /opt/devkitpro/devkitARM/lib/gcc/arm-none-eabi/15.2.0/../../../../arm-none-eabi/lib/thumb/libg.a(libc_a-locale.o)
                                 0x4c (size before relaxing)
 .rodata._dtoa_r.str1.4
                0x08015818        0x0 /opt/devkitpro/devkitARM/lib/gcc/arm-none-eabi/15.2.0/../../../../arm-none-eabi/lib/thumb/libg.a(libc_a-dtoa.o)
                                 0x9c (size before relaxing)
 .rodata._ctype_
                0x08015818      0x101 /opt/devkitpro/devkitARM/lib/gcc/arm-none-eabi/15.2.0/../../../../arm-none-eabi/lib/thumb/libg.a(libc_a-ctype_.o)
                0x08015818                _ctype_
 .rodata.__assert_func.str1.4
                0x08015919        0x0 /opt/devkitpro/devkitARM/lib/gcc/arm-none-eabi/15.2.0/../../../../arm-none-eabi/lib/thumb/libg.a(libc_a-assert.o)
                                 0x43 (size before relaxing)
 .rodata.__multadd.str1.4
                0x08015919        0x0 /opt/devkitpro/devkitARM/lib/gcc/arm-none-eabi/15.2.0/../../../../arm-none-eabi/lib/thumb/libg.a(libc_a-mprec.o)
                                 0x89 (size before relaxing)
 *fill*         0x08015919        0x3 ff
 .rodata.p05.0  0x0801591c        0xc /opt/devkitpro/devkitARM/lib/gcc/arm-none-eabi/15.2.0/../../../../arm-none-eabi/lib/thumb/libg.a(libc_a-mprec.o)
 .rodata.__mprec_bigtens
                0x08015928       0x28 /opt/devkitpro/devkitARM/lib/gcc/arm-none-eabi/15.2.0/../../../../arm-none-eabi/lib/thumb/libg.a(libc_a-mprec.o)
                0x08015928                __mprec_bigtens
 .rodata.__mprec_tens
                0x08015950       0xc8 /opt/devkitpro/devkitARM/lib/gcc/arm-none-eabi/15.2.0/../../../../arm-none-eabi/lib/thumb/libg.a(libc_a-mprec.o)
                0x08015950                __mprec_tens
 .rodata._vfiprintf_r.str1.1
                0x08015a18        0x0 /opt/devkitpro/devkitARM/lib/gcc/arm-none-eabi/15.2.0/../../../../arm-none-eabi/lib/thumb/libg.a(libc_a-vfiprintf.o)
                                 0x29 (size before relaxing)
 .rodata.zeroes.0
                0x08015a18       0x10 /opt/devkitpro/devkitARM/lib/gcc/arm-none-eabi/15.2.0/../../../../arm-none-eabi/lib/thumb/libg.a(libc_a-vfiprintf.o)
 .rodata.blanks.1
                0x08015a28       0x10 /opt/devkitpro/devkitARM/lib/gcc/arm-none-eabi/15.2.0/../../../../arm-none-eabi/lib/thumb/libg.a(libc_a-vfiprintf.o)
 .rodata.str1.4
                0x08015a38        0x0 /opt/devkitpro/devkitARM/lib/gcc/arm-none-eabi/15.2.0/../../../../arm-none-eabi/lib/thumb/libsysbase.a(libsysbase_libsysbase_a-iosupport.o)
                                  0x8 (size before relaxing)
 .rodata.dotab_stdnull
                0x08015a38       0x80 /opt/devkitpro/devkitARM/lib/gcc/arm-none-eabi/15.2.0/../../../../arm-none-eabi/lib/thumb/libsysbase.a(libsysbase_libsysbase_a-iosupport.o)
                0x08015a38                dotab_stdnull
 *(.gnu.linkonce.r*)
                0x08015ab8                        . = ALIGN (0x4)

.ARM.extab
 *(.ARM.extab* .gnu.linkonce.armextab.*)
                0x08015ab8                        __exidx_start = .

.ARM.exidx
 *(.ARM.exidx* .gnu.linkonce.armexidx.*)
                0x08015ab8                        __exidx_end = .

.ctors          0x08015ab8        0x0
 *crtbegin.o(.ctors)
 *(EXCLUDE_FILE(*crtend.o) .ctors)
 *(SORT_BY_NAME(.ctors.*))
 *(.ctors)
                0x08015ab8                        . = ALIGN (0x4)

.dtors          0x08015ab8        0x0
 *crtbegin.o(.dtors)
 *(EXCLUDE_FILE(*crtend.o) .dtors)
 *(SORT_BY_NAME(.dtors.*))
 *(.dtors)
                0x08015ab8                        . = ALIGN (0x4)

.eh_frame       0x08015ab8        0x4
 *(.eh_frame)
 .eh_frame      0x08015ab8        0x0 /opt/devkitpro/devkitARM/lib/gcc/arm-none-eabi/15.2.0/thumb/crtbegin.o
 .eh_frame      0x08015ab8        0x4 /opt/devkitpro/devkitARM/lib/gcc/arm-none-eabi/15.2.0/thumb/crtend.o
                0x08015abc                        . = ALIGN (0x4)

.gcc_except_table
                0x08015abc        0x0
 *(.gcc_except_table)
                0x08015abc                        . = ALIGN (0x4)
                0x08015abc                        __iwram_lma = .

.iwram          0x03000000     0x3c80 load address 0x08015abc
                0x03000000                        __iwram_start__ = ABSOLUTE (.)
 *(.iwram .iwram*)
 .iwram         0x03000000      0x308 math.o
                0x03000000                MATH_tan
                0x03000134                MATH_ctg
                0x03000260                MATH_angleToDirection
                0x030002b4                MATH_sqrt
                0x030002e4                MATH_dist
 .iwram         0x03000308     0x3854 render.o
                0x03000308                RENDER_plot
                0x0300033c                RENDER_castRayMultiHit
                0x03000838                RENDER_castRay
                0x0300089c                RENDER_perspectiveScaleVertical
                0x03000eb8                RENDER_renderSimple
                0x03002734                RENDER_perspectiveScaleVerticalInverse
                0x03002858                RENDER_perspectiveScaleHorizontal
                0x03002978                RENDER_mapToScreen
                0x03002a80                RENDER_perspectiveScaleHorizontalInverse
                0x03002b88                RENDER_castRay3D
                0x030032e4                RENDER_moveCameraWithCollision
                0x03003b00                RENDER_flip
                0x03003b44                RENDER_getFrame
                0x03003b50                RENDER_getDrawBuffer
 .iwram         0x03003b5c       0xa4 /opt/devkitpro/libtonc/lib/libtonc.a(tonc_isr_master.o)
                0x03003b5c                isr_master
 .iwram         0x03003c00       0x4c /opt/devkitpro/libtonc/lib/libtonc.a(tonc_memset.o)
                0x03003c00                memset32
 *fill*         0x03003c4c        0x4 ff
 .iwram.__stub  0x03003c50       0x2c linker stubs
 *iwram.*(.text* .data*)
                0x03003c7c                        . = ALIGN (0x4)
                0x03003c80                        __iwram_end__ = ABSOLUTE (.)
                0x0801973c                        __data_lma = (__iwram_lma + SIZEOF (.iwram))

.bss            0x03003c80     0x10fc
                0x03003c80                        __bss_start = ABSOLUTE (.)
                0x03003c80                        __bss_start__ = ABSOLUTE (.)
 *(.dynbss)
 *(.gnu.linkonce.b*)
 *(.bss*)
 .bss.completed.1
                0x03003c80        0x1 /opt/devkitpro/devkitARM/lib/gcc/arm-none-eabi/15.2.0/thumb/crtbegin.o
 *fill*         0x03003c81        0x3 
 .bss.object.0  0x03003c84       0x18 /opt/devkitpro/devkitARM/lib/gcc/arm-none-eabi/15.2.0/thumb/crtbegin.o
 .bss           0x03003c9c       0x11 core.o
                0x03003c9c                YGR_prevTime
                0x03003ca0                YGR_deltaTime
                0x03003ca4                YGR_globalTime
                0x03003ca8                YGR_timeRollover
                0x03003cac                YGR_entityCount
 *fill*         0x03003cad        0x3 
 .bss           0x03003cb0      0xd50 render.o
 .bss           0x03004a00       0x12 main.o
 .bss           0x03004a12        0x4 /opt/devkitpro/libtonc/lib/libtonc.a(tonc_input.o)
                0x03004a12                __key_curr
                0x03004a14                __key_prev
 *fill*         0x03004a16        0x2 
 .bss           0x03004a18       0x78 /opt/devkitpro/libtonc/lib/libtonc.a(tonc_irq.o)
                0x03004a18                __isr_table
 .bss           0x03004a90      0x120 /opt/devkitpro/libtonc/lib/libtonc.a(tonc_text.o)
                0x03004a90                __txt_base
                0x03004ab0                txt_lut
 .bss.__malloc_current_mallinfo
                0x03004bb0       0x28 /opt/devkitpro/devkitARM/lib/gcc/arm-none-eabi/15.2.0/../../../../arm-none-eabi/lib/thumb/libg.a(libc_a-mallocr.o)
                0x03004bb0                __malloc_current_mallinfo
 .bss.__malloc_max_total_mem
                0x03004bd8        0x4 /opt/devkitpro/devkitARM/lib/gcc/arm-none-eabi/15.2.0/../../../../arm-none-eabi/lib/thumb/libg.a(libc_a-mallocr.o)
                0x03004bd8                __malloc_max_total_mem
 .bss.__malloc_max_sbrked_mem
                0x03004bdc        0x4 /opt/devkitpro/devkitARM/lib/gcc/arm-none-eabi/15.2.0/../../../../arm-none-eabi/lib/thumb/libg.a(libc_a-mallocr.o)
                0x03004bdc                __malloc_max_sbrked_mem
 .bss.__malloc_top_pad
                0x03004be0        0x4 /opt/devkitpro/devkitARM/lib/gcc/arm-none-eabi/15.2.0/../../../../arm-none-eabi/lib/thumb/libg.a(libc_a-mallocr.o)
                0x03004be0                __malloc_top_pad
 .bss.__malloc_recursive_mutex
                0x03004be4        0xc /opt/devkitpro/devkitARM/lib/gcc/arm-none-eabi/15.2.0/../../../../arm-none-eabi/lib/thumb/libg.a(libc_a-mlock.o)
 .bss.__sfp_recursive_mutex
                0x03004bf0        0xc /opt/devkitpro/devkitARM/lib/gcc/arm-none-eabi/15.2.0/../../../../arm-none-eabi/lib/thumb/libg.a(libc_a-findfp.o)
 *fill*         0x03004bfc        0x4 
 .bss.__sf      0x03004c00      0x168 /opt/devkitpro/devkitARM/lib/gcc/arm-none-eabi/15.2.0/../../../../arm-none-eabi/lib/thumb/libg.a(libc_a-findfp.o)
                0x03004c00                __sf
 .bss.__stdio_exit_handler
                0x03004d68        0x4 /opt/devkitpro/devkitARM/lib/gcc/arm-none-eabi/15.2.0/../../../../arm-none-eabi/lib/thumb/libg.a(libc_a-findfp.o)
                0x03004d68                __stdio_exit_handler
 .bss.__hndl_lock
                0x03004d6c        0x4 /opt/devkitpro/devkitARM/lib/gcc/arm-none-eabi/15.2.0/../../../../arm-none-eabi/lib/thumb/libsysbase.a(libsysbase_libsysbase_a-handle_manager.o)
 .bss.fake_heap_start
                0x03004d70        0x4 /opt/devkitpro/devkitARM/lib/gcc/arm-none-eabi/15.2.0/../../../../arm-none-eabi/lib/thumb/libsysbase.a(libsysbase_libsysbase_a-malloc_vars.o)
                0x03004d70                fake_heap_start
 .bss.fake_heap_end
                0x03004d74        0x4 /opt/devkitpro/devkitARM/lib/gcc/arm-none-eabi/15.2.0/../../../../arm-none-eabi/lib/thumb/libsysbase.a(libsysbase_libsysbase_a-malloc_vars.o)
                0x03004d74                fake_heap_end
 .bss.heap_start.0
                0x03004d78        0x4 /opt/devkitpro/devkitARM/lib/gcc/arm-none-eabi/15.2.0/../../../../arm-none-eabi/lib/thumb/libsysbase.a(libsysbase_libsysbase_a-sbrk.o)
 *(COMMON)
                0x03004d7c                        . = ALIGN (0x4)
                0x03004d7c                        __bss_end__ = ABSOLUTE (.)

.data           0x03004d7c     0x194c load address 0x0801973c
                0x03004d7c                        __data_start__ = ABSOLUTE (.)
 *(.data*)
 .data          0x03004d7c       0x14 data.o
                0x03004d7c                DATA_spriteTextures
 .data          0x03004d90        0x4 main.o
 .data          0x03004d94        0x8 /opt/devkitpro/libtonc/lib/libtonc.a(tonc_input.o)
                0x03004d94                __key_rpt
 .data          0x03004d9c        0x4 /opt/devkitpro/libtonc/lib/libtonc.a(tonc_text.o)
                0x03004d9c                gptxt
 .data.__global_locale
                0x03004da0      0x254 /opt/devkitpro/devkitARM/lib/gcc/arm-none-eabi/15.2.0/../../../../arm-none-eabi/lib/thumb/libg.a(libc_a-locale.o)
                0x03004da0                __global_locale
 .data.__malloc_sbrk_base
                0x03004ff4        0x4 /opt/devkitpro/devkitARM/lib/gcc/arm-none-eabi/15.2.0/../../../../arm-none-eabi/lib/thumb/libg.a(libc_a-mallocr.o)
                0x03004ff4                __malloc_sbrk_base
 .data.__malloc_trim_threshold
                0x03004ff8        0x4 /opt/devkitpro/devkitARM/lib/gcc/arm-none-eabi/15.2.0/../../../../arm-none-eabi/lib/thumb/libg.a(libc_a-mallocr.o)
                0x03004ff8                __malloc_trim_threshold
 *fill*         0x03004ffc        0x4 ff
 .data.__malloc_av_
                0x03005000      0x408 /opt/devkitpro/devkitARM/lib/gcc/arm-none-eabi/15.2.0/../../../../arm-none-eabi/lib/thumb/libg.a(libc_a-mallocr.o)
                0x03005000                __malloc_av_
 .data.__sglue  0x03005408        0xc /opt/devkitpro/devkitARM/lib/gcc/arm-none-eabi/15.2.0/../../../../arm-none-eabi/lib/thumb/libg.a(libc_a-findfp.o)
                0x03005408                __sglue
 .data._impure_ptr
                0x03005414        0x4 /opt/devkitpro/devkitARM/lib/gcc/arm-none-eabi/15.2.0/../../../../arm-none-eabi/lib/thumb/libg.a(libc_a-impure.o)
                0x03005414                _impure_ptr
 .data._impure_data
                0x03005418      0x200 /opt/devkitpro/devkitARM/lib/gcc/arm-none-eabi/15.2.0/../../../../arm-none-eabi/lib/thumb/libg.a(libc_a-impure.o)
                0x03005418                _impure_data
 .data.handles  0x03005618     0x1000 /opt/devkitpro/devkitARM/lib/gcc/arm-none-eabi/15.2.0/../../../../arm-none-eabi/lib/thumb/libsysbase.a(libsysbase_libsysbase_a-handle_manager.o)
 .data.__stderr_handle
                0x03006618        0xc /opt/devkitpro/devkitARM/lib/gcc/arm-none-eabi/15.2.0/../../../../arm-none-eabi/lib/thumb/libsysbase.a(libsysbase_libsysbase_a-handle_manager.o)
 .data.__stdout_handle
                0x03006624        0xc /opt/devkitpro/devkitARM/lib/gcc/arm-none-eabi/15.2.0/../../../../arm-none-eabi/lib/thumb/libsysbase.a(libsysbase_libsysbase_a-handle_manager.o)
 .data.__stdin_handle
                0x03006630        0xc /opt/devkitpro/devkitARM/lib/gcc/arm-none-eabi/15.2.0/../../../../arm-none-eabi/lib/thumb/libsysbase.a(libsysbase_libsysbase_a-handle_manager.o)
 .data.devoptab_list
                0x0300663c       0x8c /opt/devkitpro/devkitARM/lib/gcc/arm-none-eabi/15.2.0/../../../../arm-none-eabi/lib/thumb/libsysbase.a(libsysbase_libsysbase_a-iosupport.o)
                0x0300663c                devoptab_list
 *(.gnu.linkonce.d*)
                0x030066c8                        . = ALIGN (0x4)
                0x0801b088                        __preinit_lma = (__data_lma + SIZEOF (.data))

.igot.plt       0x030066c8        0x0 load address 0x0801b088
 .igot.plt      0x030066c8        0x0 /opt/devkitpro/devkitARM/lib/gcc/arm-none-eabi/15.2.0/../../../../arm-none-eabi/lib/thumb/gba_crt0.o

.preinit_array  0x030066c8        0x0 load address 0x0801b088
                0x030066c8                        __preinit_array_start = ABSOLUTE (.)
 *(.preinit_array)
                0x030066c8                        __preinit_array_end = ABSOLUTE (.)
                0x0801b088                        __init_lma = (__preinit_lma + SIZEOF (.preinit_array))

.init_array     0x030066c8        0xc load address 0x0801b088
                0x030066c8                        __init_array_start = ABSOLUTE (.)
 *(SORT_BY_NAME(.init_array.*))
 *(.init_array)
 .init_array    0x030066c8        0x4 /opt/devkitpro/devkitARM/lib/gcc/arm-none-eabi/15.2.0/thumb/crtbegin.o
 .init_array    0x030066cc        0x4 core.o
 .init_array    0x030066d0        0x4 render.o
                0x030066d4                        __init_array_end = ABSOLUTE (.)
                0x0801b094                        __fini_lma = (__init_lma + SIZEOF (.init_array))

.fini_array     0x030066d4        0x4 load address 0x0801b094
                0x030066d4                        __fini_array_start = ABSOLUTE (.)
 *(SORT_BY_NAME(.fini_array.*))
 *(.fini_array)
 .fini_array    0x030066d4        0x4 /opt/devkitpro/devkitARM/lib/gcc/arm-none-eabi/15.2.0/thumb/crtbegin.o
                0x030066d8                        __fini_array_end = ABSOLUTE (.)
                0x0801b098                        __jcr_lma = (__fini_lma + SIZEOF (.fini_array))

.jcr
 *(.jcr)
                0x030066d8                        __data_end__ = ABSOLUTE (.)
                0x0801b098                        __iwram_overlay_lma = (__jcr_lma + SIZEOF (.jcr))
                0x030066d8                        __iwram_overlay_start = .

.iwram0         0x030066d8        0x0 load address 0x0801b098
 *(.iwram0)
                0x030066d8                        . = ALIGN (0x4)
                0x0801b098                        PROVIDE (__load_start_iwram0 = LOADADDR (.iwram0))
                0x0801b098                        PROVIDE (__load_stop_iwram0 = (LOADADDR (.iwram0) + SIZEOF (.iwram0)))

.iwram1         0x030066d8        0x0
 *(.iwram1)
                0x030066d8                        . = ALIGN (0x4)
                [!provide]                        PROVIDE (__load_start_iwram1 = LOADADDR (.iwram1))
                [!provide]                        PROVIDE (__load_stop_iwram1 = (LOADADDR (.iwram1) + SIZEOF (.iwram1)))

.iwram2         0x030066d8        0x0
 *(.iwram2)
                0x030066d8                        . = ALIGN (0x4)
                [!provide]                        PROVIDE (__load_start_iwram2 = LOADADDR (.iwram2))
                [!provide]                        PROVIDE (__load_stop_iwram2 = (LOADADDR (.iwram2) + SIZEOF (.iwram2)))

.iwram3         0x030066d8        0x0
 *(.iwram3)
                0x030066d8                        . = ALIGN (0x4)
                [!provide]                        PROVIDE (__load_start_iwram3 = LOADADDR (.iwram3))
                [!provide]                        PROVIDE (__load_stop_iwram3 = (LOADADDR (.iwram3) + SIZEOF (.iwram3)))

.iwram4         0x030066d8        0x0
 *(.iwram4)
                0x030066d8                        . = ALIGN (0x4)
                [!provide]                        PROVIDE (__load_start_iwram4 = LOADADDR (.iwram4))
                [!provide]                        PROVIDE (__load_stop_iwram4 = (LOADADDR (.iwram4) + SIZEOF (.iwram4)))

.iwram5         0x030066d8        0x0
 *(.iwram5)
                0x030066d8                        . = ALIGN (0x4)
                [!provide]                        PROVIDE (__load_start_iwram5 = LOADADDR (.iwram5))
                [!provide]                        PROVIDE (__load_stop_iwram5 = (LOADADDR (.iwram5) + SIZEOF (.iwram5)))

.iwram6         0x030066d8        0x0
 *(.iwram6)
                0x030066d8                        . = ALIGN (0x4)
                [!provide]                        PROVIDE (__load_start_iwram6 = LOADADDR (.iwram6))
                [!provide]                        PROVIDE (__load_stop_iwram6 = (LOADADDR (.iwram6) + SIZEOF (.iwram6)))

.iwram7         0x030066d8        0x0
 *(.iwram7)
                0x030066d8                        . = ALIGN (0x4)
                [!provide]                        PROVIDE (__load_start_iwram7 = LOADADDR (.iwram7))
                [!provide]                        PROVIDE (__load_stop_iwram7 = (LOADADDR (.iwram7) + SIZEOF (.iwram7)))

.iwram8         0x030066d8        0x0
 *(.iwram8)
                0x030066d8                        . = ALIGN (0x4)
                [!provide]                        PROVIDE (__load_start_iwram8 = LOADADDR (.iwram8))
                [!provide]                        PROVIDE (__load_stop_iwram8 = (LOADADDR (.iwram8) + SIZEOF (.iwram8)))

.iwram9         0x030066d8        0x0
 *(.iwram9)
                0x030066d8                        . = ALIGN (0x4)
                [!provide]                        PROVIDE (__load_start_iwram9 = LOADADDR (.iwram9))
                [!provide]                        PROVIDE (__load_stop_iwram9 = (LOADADDR (.iwram9) + SIZEOF (.iwram9)))
                0x030066d8                        __iwram_overlay_end = .
                0x0801b098                        __ewram_lma = (__iwram_overlay_lma + (__iwram_overlay_end - __iwram_overlay_start))
                0x030066d8                        __iheap_start = .
                0x02000000                        __ewram_start = ORIGIN (ewram)

.ewram          0x02000000     0x2800 load address 0x0801b098
 *(.ewram*)
 .ewram         0x02000000     0x2800 core.o
                0x02000000                YGR_entities
                0x02002800                        . = ALIGN (0x4)
                0x02002800                        __ewram_end = ABSOLUTE (.)
                0x0801d898                        __pad_lma = (__ewram_lma + SIZEOF (.ewram))

.sbss           0x02002800        0x0
                0x02002800                        __sbss_start__ = ABSOLUTE (.)
 *(.sbss*)
                0x02002800                        . = ALIGN (0x4)
                0x02002800                        __sbss_end__ = ABSOLUTE (.)
                0x02002800                        __end__ = ABSOLUTE (.)
                0x02002800                        __eheap_start = ABSOLUTE (.)

.pad            0x02002800        0x8 load address 0x0801d898
                0x02002800        0x4 LONG 0x52416b64
                0x02002804        0x4 LONG 0x4d
                0x02002808                        . = ALIGN (0x4)
                0x0801d8a0                        __rom_end__ = (__pad_lma + SIZEOF (.pad))

.rel.dyn        0x02002808        0x0 load address 0x0801d8a0
 .rel.iplt      0x02002808        0x0 /opt/devkitpro/devkitARM/lib/gcc/arm-none-eabi/15.2.0/../../../../arm-none-eabi/lib/thumb/gba_crt0.o

.stab
 *(.stab)

.stabstr
 *(.stabstr)

.stab.excl
 *(.stab.excl)

.stab.exclstr
 *(.stab.exclstr)

.stab.index
 *(.stab.index)

.stab.indexstr
 *(.stab.indexstr)

.comment        0x00000000       0x3b
 *(.comment)
 .comment       0x00000000       0x3b /opt/devkitpro/devkitARM/lib/gcc/arm-none-eabi/15.2.0/thumb/crtbegin.o
                                 0x19 (size before relaxing)
 .comment       0x0000003b        0x0 core.o
                                 0x19 (size before relaxing)
 .comment       0x0000003b        0x0 data.o
                                 0x19 (size before relaxing)
 .comment       0x0000003b        0x0 math.o
                                 0x19 (size before relaxing)
 .comment       0x0000003b        0x0 mgba.o
                                 0x19 (size before relaxing)
 .comment       0x0000003b        0x0 render.o
                                 0x19 (size before relaxing)
 .comment       0x0000003b        0x0 reciprocal_table.o
                                 0x19 (size before relaxing)
 .comment       0x0000003b        0x0 main.o
                                 0x19 (size before relaxing)
 .comment       0x0000003b        0x0 /opt/devkitpro/libtonc/lib/libtonc.a(tonc_input.o)
                                 0x24 (size before relaxing)
 .comment       0x0000003b        0x0 /opt/devkitpro/libtonc/lib/libtonc.a(tonc_irq.o)
                                 0x24 (size before relaxing)
 .comment       0x0000003b        0x0 /opt/devkitpro/libtonc/lib/libtonc.a(tonc_text.o)
                                 0x24 (size before relaxing)
 .comment       0x0000003b        0x0 /opt/devkitpro/libtonc/lib/libtonc.a(tonc_text_oam.o)
                                 0x24 (size before relaxing)
 .comment       0x0000003b        0x0 /opt/devkitpro/devkitARM/lib/gcc/arm-none-eabi/15.2.0/thumb/libgcc.a(_udivmoddi4.o)
                                 0x19 (size before relaxing)
 .comment       0x0000003b        0x0 /opt/devkitpro/devkitARM/lib/gcc/arm-none-eabi/15.2.0/thumb/crtend.o
                                 0x19 (size before relaxing)

.debug
 *(.debug)

.line
 *(.line)

.debug_srcinfo
 *(.debug_srcinfo)

.debug_sfnames
 *(.debug_sfnames)

.debug_aranges  0x00000000      0x340
 *(.debug_aranges)
 .debug_aranges
                0x00000000       0x28 core.o
 .debug_aranges
                0x00000028       0x18 data.o
 .debug_aranges
                0x00000040       0x40 math.o
 .debug_aranges
                0x00000080       0x20 mgba.o
 .debug_aranges
                0x000000a0       0xa0 render.o
 .debug_aranges
                0x00000140       0x18 reciprocal_table.o
 .debug_aranges
                0x00000158       0x28 main.o
 .debug_aranges
                0x00000180       0x20 /opt/devkitpro/devkitARM/lib/gcc/arm-none-eabi/15.2.0/thumb/libgcc.a(_divsi3.o)
 .debug_aranges
                0x000001a0       0x20 /opt/devkitpro/devkitARM/lib/gcc/arm-none-eabi/15.2.0/thumb/libgcc.a(_dvmd_tls.o)
 .debug_aranges
                0x000001c0       0x20 /opt/devkitpro/devkitARM/lib/gcc/arm-none-eabi/15.2.0/thumb/libgcc.a(_thumb1_case_uqi.o)
 .debug_aranges
                0x000001e0       0x20 /opt/devkitpro/devkitARM/lib/gcc/arm-none-eabi/15.2.0/thumb/libgcc.a(_thumb1_case_uhi.o)
 .debug_aranges
                0x00000200       0x20 /opt/devkitpro/devkitARM/lib/gcc/arm-none-eabi/15.2.0/thumb/libgcc.a(_udivsi3.o)
 .debug_aranges
                0x00000220       0x20 /opt/devkitpro/devkitARM/lib/gcc/arm-none-eabi/15.2.0/thumb/libgcc.a(_arm_addsubdf3.o)
 .debug_aranges
                0x00000240       0x20 /opt/devkitpro/devkitARM/lib/gcc/arm-none-eabi/15.2.0/thumb/libgcc.a(_arm_muldivdf3.o)
 .debug_aranges
                0x00000260       0x20 /opt/devkitpro/devkitARM/lib/gcc/arm-none-eabi/15.2.0/thumb/libgcc.a(_arm_cmpdf2.o)
 .debug_aranges
                0x00000280       0x20 /opt/devkitpro/devkitARM/lib/gcc/arm-none-eabi/15.2.0/thumb/libgcc.a(_arm_unorddf2.o)
 .debug_aranges
                0x000002a0       0x20 /opt/devkitpro/devkitARM/lib/gcc/arm-none-eabi/15.2.0/thumb/libgcc.a(_arm_fixdfsi.o)
 .debug_aranges
                0x000002c0       0x20 /opt/devkitpro/devkitARM/lib/gcc/arm-none-eabi/15.2.0/thumb/libgcc.a(_aeabi_uldivmod.o)
 .debug_aranges
                0x000002e0       0x20 /opt/devkitpro/devkitARM/lib/gcc/arm-none-eabi/15.2.0/thumb/libgcc.a(_udivmoddi4.o)
 .debug_aranges
                0x00000300       0x20 /opt/devkitpro/devkitARM/lib/gcc/arm-none-eabi/15.2.0/thumb/libgcc.a(_clzdi2.o)
 .debug_aranges
                0x00000320       0x20 /opt/devkitpro/devkitARM/lib/gcc/arm-none-eabi/15.2.0/thumb/libgcc.a(_clzsi2.o)

.debug_pubnames
 *(.debug_pubnames)

.debug_info     0x00000000     0x9d56
 *(.debug_info)
 .debug_info    0x00000000      0x673 core.o
 .debug_info    0x00000673      0x2db data.o
 .debug_info    0x0000094e      0x8ed math.o
 .debug_info    0x0000123b     0x1222 mgba.o
 .debug_info    0x0000245d     0x578a render.o
 .debug_info    0x00007be7      0x15c reciprocal_table.o
 .debug_info    0x00007d43     0x1839 main.o
 .debug_info    0x0000957c       0x3e /opt/devkitpro/devkitARM/lib/gcc/arm-none-eabi/15.2.0/thumb/libgcc.a(_divsi3.o)
 .debug_info    0x000095ba       0x3c /opt/devkitpro/devkitARM/lib/gcc/arm-none-eabi/15.2.0/thumb/libgcc.a(_dvmd_tls.o)
 .debug_info    0x000095f6       0x31 /opt/devkitpro/devkitARM/lib/gcc/arm-none-eabi/15.2.0/thumb/libgcc.a(_thumb1_case_uqi.o)
 .debug_info    0x00009627       0x31 /opt/devkitpro/devkitARM/lib/gcc/arm-none-eabi/15.2.0/thumb/libgcc.a(_thumb1_case_uhi.o)
 .debug_info    0x00009658       0x3e /opt/devkitpro/devkitARM/lib/gcc/arm-none-eabi/15.2.0/thumb/libgcc.a(_udivsi3.o)
 .debug_info    0x00009696       0xd3 /opt/devkitpro/devkitARM/lib/gcc/arm-none-eabi/15.2.0/thumb/libgcc.a(_arm_addsubdf3.o)
 .debug_info    0x00009769       0x57 /opt/devkitpro/devkitARM/lib/gcc/arm-none-eabi/15.2.0/thumb/libgcc.a(_arm_muldivdf3.o)
 .debug_info    0x000097c0       0xe2 /opt/devkitpro/devkitARM/lib/gcc/arm-none-eabi/15.2.0/thumb/libgcc.a(_arm_cmpdf2.o)
 .debug_info    0x000098a2       0x3c /opt/devkitpro/devkitARM/lib/gcc/arm-none-eabi/15.2.0/thumb/libgcc.a(_arm_unorddf2.o)
 .debug_info    0x000098de       0x3c /opt/devkitpro/devkitARM/lib/gcc/arm-none-eabi/15.2.0/thumb/libgcc.a(_arm_fixdfsi.o)
 .debug_info    0x0000991a       0x24 /opt/devkitpro/devkitARM/lib/gcc/arm-none-eabi/15.2.0/thumb/libgcc.a(_aeabi_uldivmod.o)
 .debug_info    0x0000993e      0x3b6 /opt/devkitpro/devkitARM/lib/gcc/arm-none-eabi/15.2.0/thumb/libgcc.a(_udivmoddi4.o)
 .debug_info    0x00009cf4       0x31 /opt/devkitpro/devkitARM/lib/gcc/arm-none-eabi/15.2.0/thumb/libgcc.a(_clzdi2.o)
 .debug_info    0x00009d25       0x31 /opt/devkitpro/devkitARM/lib/gcc/arm-none-eabi/15.2.0/thumb/libgcc.a(_clzsi2.o)

.debug_abbrev   0x00000000     0x1717
 *(.debug_abbrev)
 .debug_abbrev  0x00000000      0x264 core.o
 .debug_abbrev  0x00000264       0xf8 data.o
 .debug_abbrev  0x0000035c      0x211 math.o
 .debug_abbrev  0x0000056d      0x2f6 mgba.o
 .debug_abbrev  0x00000863      0x5a6 render.o
 .debug_abbrev  0x00000e09       0xb4 reciprocal_table.o
 .debug_abbrev  0x00000ebd      0x542 main.o
 .debug_abbrev  0x000013ff       0x28 /opt/devkitpro/devkitARM/lib/gcc/arm-none-eabi/15.2.0/thumb/libgcc.a(_divsi3.o)
 .debug_abbrev  0x00001427       0x26 /opt/devkitpro/devkitARM/lib/gcc/arm-none-eabi/15.2.0/thumb/libgcc.a(_dvmd_tls.o)
 .debug_abbrev  0x0000144d       0x28 /opt/devkitpro/devkitARM/lib/gcc/arm-none-eabi/15.2.0/thumb/libgcc.a(_thumb1_case_uqi.o)
 .debug_abbrev  0x00001475       0x28 /opt/devkitpro/devkitARM/lib/gcc/arm-none-eabi/15.2.0/thumb/libgcc.a(_thumb1_case_uhi.o)
 .debug_abbrev  0x0000149d       0x28 /opt/devkitpro/devkitARM/lib/gcc/arm-none-eabi/15.2.0/thumb/libgcc.a(_udivsi3.o)
 .debug_abbrev  0x000014c5       0x28 /opt/devkitpro/devkitARM/lib/gcc/arm-none-eabi/15.2.0/thumb/libgcc.a(_arm_addsubdf3.o)
 .debug_abbrev  0x000014ed       0x28 /opt/devkitpro/devkitARM/lib/gcc/arm-none-eabi/15.2.0/thumb/libgcc.a(_arm_muldivdf3.o)
 .debug_abbrev  0x00001515       0x28 /opt/devkitpro/devkitARM/lib/gcc/arm-none-eabi/15.2.0/thumb/libgcc.a(_arm_cmpdf2.o)
 .debug_abbrev  0x0000153d       0x28 /opt/devkitpro/devkitARM/lib/gcc/arm-none-eabi/15.2.0/thumb/libgcc.a(_arm_unorddf2.o)
 .debug_abbrev  0x00001565       0x28 /opt/devkitpro/devkitARM/lib/gcc/arm-none-eabi/15.2.0/thumb/libgcc.a(_arm_fixdfsi.o)
 .debug_abbrev  0x0000158d       0x14 /opt/devkitpro/devkitARM/lib/gcc/arm-none-eabi/15.2.0/thumb/libgcc.a(_aeabi_uldivmod.o)
 .debug_abbrev  0x000015a1      0x126 /opt/devkitpro/devkitARM/lib/gcc/arm-none-eabi/15.2.0/thumb/libgcc.a(_udivmoddi4.o)
 .debug_abbrev  0x000016c7       0x28 /opt/devkitpro/devkitARM/lib/gcc/arm-none-eabi/15.2.0/thumb/libgcc.a(_clzdi2.o)
 .debug_abbrev  0x000016ef       0x28 /opt/devkitpro/devkitARM/lib/gcc/arm-none-eabi/15.2.0/thumb/libgcc.a(_clzsi2.o)

.debug_line     0x00000000     0x8d11
 *(.debug_line)
 .debug_line    0x00000000      0x286 core.o
 .debug_line    0x00000286      0x14b data.o
 .debug_line    0x000003d1      0x7a7 math.o
 .debug_line    0x00000b78      0x367 mgba.o
 .debug_line    0x00000edf     0x65c2 render.o
 .debug_line    0x000074a1      0x138 reciprocal_table.o
 .debug_line    0x000075d9      0xe7f main.o
 .debug_line    0x00008458       0x73 /opt/devkitpro/devkitARM/lib/gcc/arm-none-eabi/15.2.0/thumb/libgcc.a(_divsi3.o)
 .debug_line    0x000084cb       0x4a /opt/devkitpro/devkitARM/lib/gcc/arm-none-eabi/15.2.0/thumb/libgcc.a(_dvmd_tls.o)
 .debug_line    0x00008515       0x52 /opt/devkitpro/devkitARM/lib/gcc/arm-none-eabi/15.2.0/thumb/libgcc.a(_thumb1_case_uqi.o)
 .debug_line    0x00008567       0x53 /opt/devkitpro/devkitARM/lib/gcc/arm-none-eabi/15.2.0/thumb/libgcc.a(_thumb1_case_uhi.o)
 .debug_line    0x000085ba       0x67 /opt/devkitpro/devkitARM/lib/gcc/arm-none-eabi/15.2.0/thumb/libgcc.a(_udivsi3.o)
 .debug_line    0x00008621      0x158 /opt/devkitpro/devkitARM/lib/gcc/arm-none-eabi/15.2.0/thumb/libgcc.a(_arm_addsubdf3.o)
 .debug_line    0x00008779      0x167 /opt/devkitpro/devkitARM/lib/gcc/arm-none-eabi/15.2.0/thumb/libgcc.a(_arm_muldivdf3.o)
 .debug_line    0x000088e0       0x9a /opt/devkitpro/devkitARM/lib/gcc/arm-none-eabi/15.2.0/thumb/libgcc.a(_arm_cmpdf2.o)
 .debug_line    0x0000897a       0x57 /opt/devkitpro/devkitARM/lib/gcc/arm-none-eabi/15.2.0/thumb/libgcc.a(_arm_unorddf2.o)
 .debug_line    0x000089d1       0x60 /opt/devkitpro/devkitARM/lib/gcc/arm-none-eabi/15.2.0/thumb/libgcc.a(_arm_fixdfsi.o)
 .debug_line    0x00008a31       0x4e /opt/devkitpro/devkitARM/lib/gcc/arm-none-eabi/15.2.0/thumb/libgcc.a(_aeabi_uldivmod.o)
 .debug_line    0x00008a7f      0x1e7 /opt/devkitpro/devkitARM/lib/gcc/arm-none-eabi/15.2.0/thumb/libgcc.a(_udivmoddi4.o)
 .debug_line    0x00008c66       0x54 /opt/devkitpro/devkitARM/lib/gcc/arm-none-eabi/15.2.0/thumb/libgcc.a(_clzdi2.o)
 .debug_line    0x00008cba       0x57 /opt/devkitpro/devkitARM/lib/gcc/arm-none-eabi/15.2.0/thumb/libgcc.a(_clzsi2.o)

.debug_frame    0x00000000      0x6f0
 *(.debug_frame)
 .debug_frame   0x00000000       0xa0 core.o
 .debug_frame   0x000000a0       0x88 math.o
 .debug_frame   0x00000128       0x90 mgba.o
 .debug_frame   0x000001b8      0x234 render.o
 .debug_frame   0x000003ec       0x58 main.o
 .debug_frame   0x00000444       0x20 /opt/devkitpro/devkitARM/lib/gcc/arm-none-eabi/15.2.0/thumb/libgcc.a(_divsi3.o)
 .debug_frame   0x00000464       0x20 /opt/devkitpro/devkitARM/lib/gcc/arm-none-eabi/15.2.0/thumb/libgcc.a(_udivsi3.o)
 .debug_frame   0x00000484       0xac /opt/devkitpro/devkitARM/lib/gcc/arm-none-eabi/15.2.0/thumb/libgcc.a(_arm_addsubdf3.o)
 .debug_frame   0x00000530       0x50 /opt/devkitpro/devkitARM/lib/gcc/arm-none-eabi/15.2.0/thumb/libgcc.a(_arm_muldivdf3.o)
 .debug_frame   0x00000580       0xc4 /opt/devkitpro/devkitARM/lib/gcc/arm-none-eabi/15.2.0/thumb/libgcc.a(_arm_cmpdf2.o)
 .debug_frame   0x00000644       0x20 /opt/devkitpro/devkitARM/lib/gcc/arm-none-eabi/15.2.0/thumb/libgcc.a(_arm_unorddf2.o)
 .debug_frame   0x00000664       0x24 /opt/devkitpro/devkitARM/lib/gcc/arm-none-eabi/15.2.0/thumb/libgcc.a(_arm_fixdfsi.o)
 .debug_frame   0x00000688       0x2c /opt/devkitpro/devkitARM/lib/gcc/arm-none-eabi/15.2.0/thumb/libgcc.a(_aeabi_uldivmod.o)
 .debug_frame   0x000006b4       0x3c /opt/devkitpro/devkitARM/lib/gcc/arm-none-eabi/15.2.0/thumb/libgcc.a(_udivmoddi4.o)

.debug_str      0x00000000     0x23ce
 *(.debug_str)
 .debug_str     0x00000000     0x23ce core.o
                                0x4bf (size before relaxing)
 .debug_str     0x000023ce        0x0 data.o
                                0x29e (size before relaxing)
 .debug_str     0x000023ce        0x0 math.o
                                0x32a (size before relaxing)
 .debug_str     0x000023ce        0x0 mgba.o
                                0x948 (size before relaxing)
 .debug_str     0x000023ce        0x0 render.o
                               0x105f (size before relaxing)
 .debug_str     0x000023ce        0x0 reciprocal_table.o
                                0x246 (size before relaxing)
 .debug_str     0x000023ce        0x0 main.o
                                0x703 (size before relaxing)
 .debug_str     0x000023ce        0x0 /opt/devkitpro/devkitARM/lib/gcc/arm-none-eabi/15.2.0/thumb/libgcc.a(_divsi3.o)
                                 0xf4 (size before relaxing)
 .debug_str     0x000023ce        0x0 /opt/devkitpro/devkitARM/lib/gcc/arm-none-eabi/15.2.0/thumb/libgcc.a(_dvmd_tls.o)
                                 0xf7 (size before relaxing)
 .debug_str     0x000023ce        0x0 /opt/devkitpro/devkitARM/lib/gcc/arm-none-eabi/15.2.0/thumb/libgcc.a(_thumb1_case_uqi.o)
                                 0xf1 (size before relaxing)
 .debug_str     0x000023ce        0x0 /opt/devkitpro/devkitARM/lib/gcc/arm-none-eabi/15.2.0/thumb/libgcc.a(_thumb1_case_uhi.o)
                                 0xf1 (size before relaxing)
 .debug_str     0x000023ce        0x0 /opt/devkitpro/devkitARM/lib/gcc/arm-none-eabi/15.2.0/thumb/libgcc.a(_udivsi3.o)
                                 0xf6 (size before relaxing)
 .debug_str     0x000023ce        0x0 /opt/devkitpro/devkitARM/lib/gcc/arm-none-eabi/15.2.0/thumb/libgcc.a(_arm_addsubdf3.o)
                                0x188 (size before relaxing)
 .debug_str     0x000023ce        0x0 /opt/devkitpro/devkitARM/lib/gcc/arm-none-eabi/15.2.0/thumb/libgcc.a(_arm_muldivdf3.o)
                                0x108 (size before relaxing)
 .debug_str     0x000023ce        0x0 /opt/devkitpro/devkitARM/lib/gcc/arm-none-eabi/15.2.0/thumb/libgcc.a(_arm_cmpdf2.o)
                                0x191 (size before relaxing)
 .debug_str     0x000023ce        0x0 /opt/devkitpro/devkitARM/lib/gcc/arm-none-eabi/15.2.0/thumb/libgcc.a(_arm_unorddf2.o)
                                 0xf6 (size before relaxing)
 .debug_str     0x000023ce        0x0 /opt/devkitpro/devkitARM/lib/gcc/arm-none-eabi/15.2.0/thumb/libgcc.a(_arm_fixdfsi.o)
                                 0xf3 (size before relaxing)
 .debug_str     0x000023ce        0x0 /opt/devkitpro/devkitARM/lib/gcc/arm-none-eabi/15.2.0/thumb/libgcc.a(_aeabi_uldivmod.o)
                                 0xd7 (size before relaxing)
 .debug_str     0x000023ce        0x0 /opt/devkitpro/devkitARM/lib/gcc/arm-none-eabi/15.2.0/thumb/libgcc.a(_udivmoddi4.o)
                                0x6a5 (size before relaxing)
 .debug_str     0x000023ce        0x0 /opt/devkitpro/devkitARM/lib/gcc/arm-none-eabi/15.2.0/thumb/libgcc.a(_clzdi2.o)
                                 0xe4 (size before relaxing)
 .debug_str     0x000023ce        0x0 /opt/devkitpro/devkitARM/lib/gcc/arm-none-eabi/15.2.0/thumb/libgcc.a(_clzsi2.o)
                                 0xe4 (size before relaxing)

.debug_loc
 *(.debug_loc)

.debug_macinfo
 *(.debug_macinfo)

.debug_weaknames
 *(.debug_weaknames)

.debug_funcnames
 *(.debug_funcnames)

.debug_typenames
 *(.debug_typenames)

.debug_varnames
 *(.debug_varnames)

.stack          0x00080000        0x0
                0x00080000                        _stack = .
 *(.stack)

.note.gnu.arm.ident
 *(.note.gnu.arm.ident)

.ARM.attributes
                0x00000000       0x2c
 *(.ARM.attributes)
 .ARM.attributes
                0x00000000       0x20 /opt/devkitpro/devkitARM/lib/gcc/arm-none-eabi/15.2.0/../../../../arm-none-eabi/lib/thumb/gba_crt0.o
 .ARM.attributes
                0x00000020       0x1c /opt/devkitpro/devkitARM/lib/gcc/arm-none-eabi/15.2.0/thumb/crti.o
 .ARM.attributes
                0x0000003c       0x2a /opt/devkitpro/devkitARM/lib/gcc/arm-none-eabi/15.2.0/thumb/crtbegin.o
 .ARM.attributes
                0x00000066       0x26 core.o
 .ARM.attributes
                0x0000008c       0x26 data.o
 .ARM.attributes
                0x000000b2       0x26 math.o
 .ARM.attributes
                0x000000d8       0x26 mgba.o
 .ARM.attributes
                0x000000fe       0x26 render.o
 .ARM.attributes
                0x00000124       0x26 reciprocal_table.o
 .ARM.attributes
                0x0000014a       0x26 main.o
 .ARM.attributes
                0x00000170       0x2a /opt/devkitpro/libtonc/lib/libtonc.a(tonc_input.o)
 .ARM.attributes
                0x0000019a       0x2a /opt/devkitpro/libtonc/lib/libtonc.a(tonc_irq.o)
 .ARM.attributes
                0x000001c4       0x2a /opt/devkitpro/libtonc/lib/libtonc.a(tonc_text.o)
 .ARM.attributes
                0x000001ee       0x2a /opt/devkitpro/libtonc/lib/libtonc.a(tonc_text_oam.o)
 .ARM.attributes
                0x00000218       0x1a /opt/devkitpro/libtonc/lib/libtonc.a(tonc_bios.o)
 .ARM.attributes
                0x00000232       0x1a /opt/devkitpro/libtonc/lib/libtonc.a(tonc_isr_master.o)
 .ARM.attributes
                0x0000024c       0x1a /opt/devkitpro/libtonc/lib/libtonc.a(tonc_memset.o)
 .ARM.attributes
                0x00000266       0x1a /opt/devkitpro/libtonc/lib/libtonc.a(toncfont.o)
 .ARM.attributes
                0x00000280       0x1c /opt/devkitpro/devkitARM/lib/gcc/arm-none-eabi/15.2.0/thumb/libgcc.a(_divsi3.o)
 .ARM.attributes
                0x0000029c       0x1c /opt/devkitpro/devkitARM/lib/gcc/arm-none-eabi/15.2.0/thumb/libgcc.a(_dvmd_tls.o)
 .ARM.attributes
                0x000002b8       0x1c /opt/devkitpro/devkitARM/lib/gcc/arm-none-eabi/15.2.0/thumb/libgcc.a(_sync_none.o)
 .ARM.attributes
                0x000002d4       0x2a /opt/devkitpro/devkitARM/lib/gcc/arm-none-eabi/15.2.0/../../../../arm-none-eabi/lib/thumb/libg.a(libc_a-siprintf.o)
 .ARM.attributes
                0x000002fe       0x2a /opt/devkitpro/devkitARM/lib/gcc/arm-none-eabi/15.2.0/../../../../arm-none-eabi/lib/thumb/libg.a(libc_a-memset.o)
 .ARM.attributes
                0x00000328       0x2a /opt/devkitpro/devkitARM/lib/gcc/arm-none-eabi/15.2.0/../../../../arm-none-eabi/lib/thumb/libg.a(libc_a-vsnprintf.o)
 .ARM.attributes
                0x00000352       0x2a /opt/devkitpro/devkitARM/lib/gcc/arm-none-eabi/15.2.0/../../../../arm-none-eabi/lib/thumb/libg.a(libc_a-init.o)
 .ARM.attributes
                0x0000037c       0x2a /opt/devkitpro/devkitARM/lib/gcc/arm-none-eabi/15.2.0/../../../../arm-none-eabi/lib/thumb/libg.a(libc_a-strncpy.o)
 .ARM.attributes
                0x000003a6       0x2a /opt/devkitpro/devkitARM/lib/gcc/arm-none-eabi/15.2.0/../../../../arm-none-eabi/lib/thumb/libg.a(libc_a-memmove.o)
 .ARM.attributes
                0x000003d0       0x2a /opt/devkitpro/devkitARM/lib/gcc/arm-none-eabi/15.2.0/../../../../arm-none-eabi/lib/thumb/libg.a(libc_a-svfprintf.o)
 .ARM.attributes
                0x000003fa       0x2a /opt/devkitpro/devkitARM/lib/gcc/arm-none-eabi/15.2.0/../../../../arm-none-eabi/lib/thumb/libg.a(libm_a-s_frexp.o)
 .ARM.attributes
                0x00000424       0x2a /opt/devkitpro/devkitARM/lib/gcc/arm-none-eabi/15.2.0/../../../../arm-none-eabi/lib/thumb/libg.a(libc_a-strlen.o)
 .ARM.attributes
                0x0000044e       0x2a /opt/devkitpro/devkitARM/lib/gcc/arm-none-eabi/15.2.0/../../../../arm-none-eabi/lib/thumb/libg.a(libc_a-wcrtomb.o)
 .ARM.attributes
                0x00000478       0x2a /opt/devkitpro/devkitARM/lib/gcc/arm-none-eabi/15.2.0/../../../../arm-none-eabi/lib/thumb/libg.a(libc_a-svfiprintf.o)
 .ARM.attributes
                0x000004a2       0x2a /opt/devkitpro/devkitARM/lib/gcc/arm-none-eabi/15.2.0/../../../../arm-none-eabi/lib/thumb/libg.a(libc_a-ssprint_r.o)
 .ARM.attributes
                0x000004cc       0x2a /opt/devkitpro/devkitARM/lib/gcc/arm-none-eabi/15.2.0/../../../../arm-none-eabi/lib/thumb/libg.a(libc_a-locale.o)
 .ARM.attributes
                0x000004f6       0x2a /opt/devkitpro/devkitARM/lib/gcc/arm-none-eabi/15.2.0/../../../../arm-none-eabi/lib/thumb/libg.a(libc_a-mallocr.o)
 .ARM.attributes
                0x00000520       0x2a /opt/devkitpro/devkitARM/lib/gcc/arm-none-eabi/15.2.0/../../../../arm-none-eabi/lib/thumb/libg.a(libc_a-dtoa.o)
 .ARM.attributes
                0x0000054a       0x1a /opt/devkitpro/devkitARM/lib/gcc/arm-none-eabi/15.2.0/../../../../arm-none-eabi/lib/thumb/libg.a(libc_a-strcmp.o)
 .ARM.attributes
                0x00000564       0x2a /opt/devkitpro/devkitARM/lib/gcc/arm-none-eabi/15.2.0/../../../../arm-none-eabi/lib/thumb/libg.a(libc_a-freer.o)
 .ARM.attributes
                0x0000058e       0x2a /opt/devkitpro/devkitARM/lib/gcc/arm-none-eabi/15.2.0/../../../../arm-none-eabi/lib/thumb/libg.a(libc_a-strtol.o)
 .ARM.attributes
                0x000005b8       0x2a /opt/devkitpro/devkitARM/lib/gcc/arm-none-eabi/15.2.0/../../../../arm-none-eabi/lib/thumb/libg.a(libc_a-memchr-stub.o)
 .ARM.attributes
                0x000005e2       0x2a /opt/devkitpro/devkitARM/lib/gcc/arm-none-eabi/15.2.0/../../../../arm-none-eabi/lib/thumb/libg.a(libc_a-wcsrtombs.o)
 .ARM.attributes
                0x0000060c       0x2a /opt/devkitpro/devkitARM/lib/gcc/arm-none-eabi/15.2.0/../../../../arm-none-eabi/lib/thumb/libg.a(libc_a-getenv_r.o)
 .ARM.attributes
                0x00000636       0x2a /opt/devkitpro/devkitARM/lib/gcc/arm-none-eabi/15.2.0/../../../../arm-none-eabi/lib/thumb/libg.a(libc_a-localeconv.o)
 .ARM.attributes
                0x00000660       0x2a /opt/devkitpro/devkitARM/lib/gcc/arm-none-eabi/15.2.0/../../../../arm-none-eabi/lib/thumb/libg.a(libc_a-mlock.o)
 .ARM.attributes
                0x0000068a       0x2a /opt/devkitpro/devkitARM/lib/gcc/arm-none-eabi/15.2.0/../../../../arm-none-eabi/lib/thumb/libg.a(libc_a-ssputs_r.o)
 .ARM.attributes
                0x000006b4       0x2a /opt/devkitpro/devkitARM/lib/gcc/arm-none-eabi/15.2.0/../../../../arm-none-eabi/lib/thumb/libg.a(libc_a-wctomb_r.o)
 .ARM.attributes
                0x000006de       0x2a /opt/devkitpro/devkitARM/lib/gcc/arm-none-eabi/15.2.0/../../../../arm-none-eabi/lib/thumb/libg.a(libc_a-strncmp.o)
 .ARM.attributes
                0x00000708       0x2a /opt/devkitpro/devkitARM/lib/gcc/arm-none-eabi/15.2.0/../../../../arm-none-eabi/lib/thumb/libg.a(libc_a-wcsnrtombs.o)
 .ARM.attributes
                0x00000732       0x2a /opt/devkitpro/devkitARM/lib/gcc/arm-none-eabi/15.2.0/../../../../arm-none-eabi/lib/thumb/libg.a(libc_a-ctype_.o)
 .ARM.attributes
                0x0000075c       0x2a /opt/devkitpro/devkitARM/lib/gcc/arm-none-eabi/15.2.0/../../../../arm-none-eabi/lib/thumb/libg.a(libc_a-strcat.o)
 .ARM.attributes
                0x00000786       0x2a /opt/devkitpro/devkitARM/lib/gcc/arm-none-eabi/15.2.0/../../../../arm-none-eabi/lib/thumb/libg.a(libc_a-memcpy-stub.o)
 .ARM.attributes
                0x000007b0       0x2a /opt/devkitpro/devkitARM/lib/gcc/arm-none-eabi/15.2.0/../../../../arm-none-eabi/lib/thumb/libg.a(libc_a-envlock.o)
 .ARM.attributes
                0x000007da       0x2a /opt/devkitpro/devkitARM/lib/gcc/arm-none-eabi/15.2.0/../../../../arm-none-eabi/lib/thumb/libg.a(libc_a-assert.o)
 .ARM.attributes
                0x00000804       0x2a /opt/devkitpro/devkitARM/lib/gcc/arm-none-eabi/15.2.0/../../../../arm-none-eabi/lib/thumb/libg.a(libc_a-mprec.o)
 .ARM.attributes
                0x0000082e       0x2a /opt/devkitpro/devkitARM/lib/gcc/arm-none-eabi/15.2.0/../../../../arm-none-eabi/lib/thumb/libg.a(libc_a-strlcpy.o)
 .ARM.attributes
                0x00000858       0x2a /opt/devkitpro/devkitARM/lib/gcc/arm-none-eabi/15.2.0/../../../../arm-none-eabi/lib/thumb/libg.a(libc_a-strcasecmp.o)
 .ARM.attributes
                0x00000882       0x2a /opt/devkitpro/devkitARM/lib/gcc/arm-none-eabi/15.2.0/../../../../arm-none-eabi/lib/thumb/libg.a(libc_a-mbtowc_r.o)
 .ARM.attributes
                0x000008ac       0x2a /opt/devkitpro/devkitARM/lib/gcc/arm-none-eabi/15.2.0/../../../../arm-none-eabi/lib/thumb/libg.a(libc_a-fiprintf.o)
 .ARM.attributes
                0x000008d6       0x2a /opt/devkitpro/devkitARM/lib/gcc/arm-none-eabi/15.2.0/../../../../arm-none-eabi/lib/thumb/libg.a(libc_a-strncasecmp.o)
 .ARM.attributes
                0x00000900       0x2a /opt/devkitpro/devkitARM/lib/gcc/arm-none-eabi/15.2.0/../../../../arm-none-eabi/lib/thumb/libg.a(libc_a-strchr.o)
 .ARM.attributes
                0x0000092a       0x2a /opt/devkitpro/devkitARM/lib/gcc/arm-none-eabi/15.2.0/../../../../arm-none-eabi/lib/thumb/libg.a(libc_a-environ.o)
 .ARM.attributes
                0x00000954       0x2a /opt/devkitpro/devkitARM/lib/gcc/arm-none-eabi/15.2.0/../../../../arm-none-eabi/lib/thumb/libg.a(libc_a-errno.o)
 .ARM.attributes
                0x0000097e       0x2a /opt/devkitpro/devkitARM/lib/gcc/arm-none-eabi/15.2.0/../../../../arm-none-eabi/lib/thumb/libg.a(libc_a-abort.o)
 .ARM.attributes
                0x000009a8       0x2a /opt/devkitpro/devkitARM/lib/gcc/arm-none-eabi/15.2.0/../../../../arm-none-eabi/lib/thumb/libg.a(libc_a-strcpy.o)
 .ARM.attributes
                0x000009d2       0x2a /opt/devkitpro/devkitARM/lib/gcc/arm-none-eabi/15.2.0/../../../../arm-none-eabi/lib/thumb/libg.a(libc_a-callocr.o)
 .ARM.attributes
                0x000009fc       0x2a /opt/devkitpro/devkitARM/lib/gcc/arm-none-eabi/15.2.0/../../../../arm-none-eabi/lib/thumb/libg.a(libc_a-reallocr.o)
 .ARM.attributes
                0x00000a26       0x2a /opt/devkitpro/devkitARM/lib/gcc/arm-none-eabi/15.2.0/../../../../arm-none-eabi/lib/thumb/libg.a(libc_a-vfiprintf.o)
 .ARM.attributes
                0x00000a50       0x2a /opt/devkitpro/devkitARM/lib/gcc/arm-none-eabi/15.2.0/../../../../arm-none-eabi/lib/thumb/libg.a(libc_a-signal.o)
 .ARM.attributes
                0x00000a7a       0x2a /opt/devkitpro/devkitARM/lib/gcc/arm-none-eabi/15.2.0/../../../../arm-none-eabi/lib/thumb/libg.a(libc_a-fflush.o)
 .ARM.attributes
                0x00000aa4       0x2a /opt/devkitpro/devkitARM/lib/gcc/arm-none-eabi/15.2.0/../../../../arm-none-eabi/lib/thumb/libg.a(libc_a-sprint_r.o)
 .ARM.attributes
                0x00000ace       0x2a /opt/devkitpro/devkitARM/lib/gcc/arm-none-eabi/15.2.0/../../../../arm-none-eabi/lib/thumb/libg.a(libc_a-findfp.o)
 .ARM.attributes
                0x00000af8       0x2a /opt/devkitpro/devkitARM/lib/gcc/arm-none-eabi/15.2.0/../../../../arm-none-eabi/lib/thumb/libg.a(libc_a-wsetup.o)
 .ARM.attributes
                0x00000b22       0x2a /opt/devkitpro/devkitARM/lib/gcc/arm-none-eabi/15.2.0/../../../../arm-none-eabi/lib/thumb/libg.a(libc_a-stdio.o)
 .ARM.attributes
                0x00000b4c       0x2a /opt/devkitpro/devkitARM/lib/gcc/arm-none-eabi/15.2.0/../../../../arm-none-eabi/lib/thumb/libg.a(libc_a-fclose.o)
 .ARM.attributes
                0x00000b76       0x2a /opt/devkitpro/devkitARM/lib/gcc/arm-none-eabi/15.2.0/../../../../arm-none-eabi/lib/thumb/libg.a(libc_a-impure.o)
 .ARM.attributes
                0x00000ba0       0x2a /opt/devkitpro/devkitARM/lib/gcc/arm-none-eabi/15.2.0/../../../../arm-none-eabi/lib/thumb/libg.a(libc_a-fwalk.o)
 .ARM.attributes
                0x00000bca       0x2a /opt/devkitpro/devkitARM/lib/gcc/arm-none-eabi/15.2.0/../../../../arm-none-eabi/lib/thumb/libg.a(libc_a-fvwrite.o)
 .ARM.attributes
                0x00000bf4       0x2a /opt/devkitpro/devkitARM/lib/gcc/arm-none-eabi/15.2.0/../../../../arm-none-eabi/lib/thumb/libg.a(libc_a-makebuf.o)
 .ARM.attributes
                0x00000c1e       0x2a /opt/devkitpro/devkitARM/lib/gcc/arm-none-eabi/15.2.0/../../../../arm-none-eabi/lib/thumb/libg.a(libc_a-malignr.o)
 .ARM.attributes
                0x00000c48       0x2a /opt/devkitpro/devkitARM/lib/gcc/arm-none-eabi/15.2.0/../../../../arm-none-eabi/lib/thumb/libsysbase.a(libsysbase_libsysbase_a-_exit.o)
 .ARM.attributes
                0x00000c72       0x2a /opt/devkitpro/devkitARM/lib/gcc/arm-none-eabi/15.2.0/../../../../arm-none-eabi/lib/thumb/libsysbase.a(libsysbase_libsysbase_a-fstat.o)
 .ARM.attributes
                0x00000c9c       0x2a /opt/devkitpro/devkitARM/lib/gcc/arm-none-eabi/15.2.0/../../../../arm-none-eabi/lib/thumb/libsysbase.a(libsysbase_libsysbase_a-getpid.o)
 .ARM.attributes
                0x00000cc6       0x2a /opt/devkitpro/devkitARM/lib/gcc/arm-none-eabi/15.2.0/../../../../arm-none-eabi/lib/thumb/libsysbase.a(libsysbase_libsysbase_a-getreent.o)
 .ARM.attributes
                0x00000cf0       0x2a /opt/devkitpro/devkitARM/lib/gcc/arm-none-eabi/15.2.0/../../../../arm-none-eabi/lib/thumb/libsysbase.a(libsysbase_libsysbase_a-handle_manager.o)
 .ARM.attributes
                0x00000d1a       0x2a /opt/devkitpro/devkitARM/lib/gcc/arm-none-eabi/15.2.0/../../../../arm-none-eabi/lib/thumb/libsysbase.a(libsysbase_libsysbase_a-iosupport.o)
 .ARM.attributes
                0x00000d44       0x2a /opt/devkitpro/devkitARM/lib/gcc/arm-none-eabi/15.2.0/../../../../arm-none-eabi/lib/thumb/libsysbase.a(libsysbase_libsysbase_a-isatty.o)
 .ARM.attributes
                0x00000d6e       0x2a /opt/devkitpro/devkitARM/lib/gcc/arm-none-eabi/15.2.0/../../../../arm-none-eabi/lib/thumb/libsysbase.a(libsysbase_libsysbase_a-kill.o)
 .ARM.attributes
                0x00000d98       0x2a /opt/devkitpro/devkitARM/lib/gcc/arm-none-eabi/15.2.0/../../../../arm-none-eabi/lib/thumb/libsysbase.a(libsysbase_libsysbase_a-lseek.o)
 .ARM.attributes
                0x00000dc2       0x2a /opt/devkitpro/devkitARM/lib/gcc/arm-none-eabi/15.2.0/../../../../arm-none-eabi/lib/thumb/libsysbase.a(libsysbase_libsysbase_a-malloc_vars.o)
 .ARM.attributes
                0x00000dec       0x2a /opt/devkitpro/devkitARM/lib/gcc/arm-none-eabi/15.2.0/../../../../arm-none-eabi/lib/thumb/libsysbase.a(libsysbase_libsysbase_a-read.o)
 .ARM.attributes
                0x00000e16       0x2a /opt/devkitpro/devkitARM/lib/gcc/arm-none-eabi/15.2.0/../../../../arm-none-eabi/lib/thumb/libsysbase.a(libsysbase_libsysbase_a-sbrk.o)
 .ARM.attributes
                0x00000e40       0x2a /opt/devkitpro/devkitARM/lib/gcc/arm-none-eabi/15.2.0/../../../../arm-none-eabi/lib/thumb/libsysbase.a(libsysbase_libsysbase_a-syscall_support.o)
 .ARM.attributes
                0x00000e6a       0x2a /opt/devkitpro/devkitARM/lib/gcc/arm-none-eabi/15.2.0/../../../../arm-none-eabi/lib/thumb/libsysbase.a(libsysbase_libsysbase_a-write.o)
 .ARM.attributes
                0x00000e94       0x2a /opt/devkitpro/devkitARM/lib/gcc/arm-none-eabi/15.2.0/../../../../arm-none-eabi/lib/thumb/libsysbase.a(libsysbase_libsysbase_a-clocks.o)
 .ARM.attributes
                0x00000ebe       0x1c /opt/devkitpro/devkitARM/lib/gcc/arm-none-eabi/15.2.0/thumb/libgcc.a(_thumb1_case_uqi.o)
 .ARM.attributes
                0x00000eda       0x1c /opt/devkitpro/devkitARM/lib/gcc/arm-none-eabi/15.2.0/thumb/libgcc.a(_thumb1_case_uhi.o)
 .ARM.attributes
                0x00000ef6       0x1c /opt/devkitpro/devkitARM/lib/gcc/arm-none-eabi/15.2.0/thumb/libgcc.a(_arm_muldf3.o)
 .ARM.attributes
                0x00000f12       0x1c /opt/devkitpro/devkitARM/lib/gcc/arm-none-eabi/15.2.0/thumb/libgcc.a(_udivsi3.o)
 .ARM.attributes
                0x00000f2e       0x1c /opt/devkitpro/devkitARM/lib/gcc/arm-none-eabi/15.2.0/thumb/libgcc.a(_arm_addsubdf3.o)
 .ARM.attributes
                0x00000f4a       0x1c /opt/devkitpro/devkitARM/lib/gcc/arm-none-eabi/15.2.0/thumb/libgcc.a(_arm_muldivdf3.o)
 .ARM.attributes
                0x00000f66       0x1c /opt/devkitpro/devkitARM/lib/gcc/arm-none-eabi/15.2.0/thumb/libgcc.a(_arm_cmpdf2.o)
 .ARM.attributes
                0x00000f82       0x1c /opt/devkitpro/devkitARM/lib/gcc/arm-none-eabi/15.2.0/thumb/libgcc.a(_arm_unorddf2.o)
 .ARM.attributes
                0x00000f9e       0x1c /opt/devkitpro/devkitARM/lib/gcc/arm-none-eabi/15.2.0/thumb/libgcc.a(_arm_fixdfsi.o)
 .ARM.attributes
                0x00000fba       0x1c /opt/devkitpro/devkitARM/lib/gcc/arm-none-eabi/15.2.0/thumb/libgcc.a(_aeabi_uldivmod.o)
 .ARM.attributes
                0x00000fd6       0x2a /opt/devkitpro/devkitARM/lib/gcc/arm-none-eabi/15.2.0/thumb/libgcc.a(_muldi3.o)
 .ARM.attributes
                0x00001000       0x2a /opt/devkitpro/devkitARM/lib/gcc/arm-none-eabi/15.2.0/thumb/libgcc.a(_udivmoddi4.o)
 .ARM.attributes
                0x0000102a       0x1c /opt/devkitpro/devkitARM/lib/gcc/arm-none-eabi/15.2.0/thumb/libgcc.a(_clzdi2.o)
 .ARM.attributes
                0x00001046       0x1c /opt/devkitpro/devkitARM/lib/gcc/arm-none-eabi/15.2.0/thumb/libgcc.a(_clzsi2.o)
 .ARM.attributes
                0x00001062       0x2a /opt/devkitpro/devkitARM/lib/gcc/arm-none-eabi/15.2.0/../../../../arm-none-eabi/lib/thumb/libg.a(libc_a-malloc.o)
 .ARM.attributes
                0x0000108c       0x2a /opt/devkitpro/devkitARM/lib/gcc/arm-none-eabi/15.2.0/thumb/crtend.o
 .ARM.attributes
                0x000010b6       0x1c /opt/devkitpro/devkitARM/lib/gcc/arm-none-eabi/15.2.0/thumb/crtn.o

/DISCARD/
 *(.note.GNU-stack)
LOAD /opt/devkitpro/devkitARM/lib/gcc/arm-none-eabi/15.2.0/../../../../arm-none-eabi/lib/thumb/gba_crt0.o
LOAD /opt/devkitpro/devkitARM/lib/gcc/arm-none-eabi/15.2.0/thumb/crti.o
LOAD /opt/devkitpro/devkitARM/lib/gcc/arm-none-eabi/15.2.0/thumb/crtbegin.o
LOAD core.o
LOAD data.o
LOAD math.o
LOAD mgba.o
LOAD render.o
LOAD reciprocal_table.o
LOAD main.o
LOAD /opt/devkitpro/libgba/lib/libmm.a
LOAD /opt/devkitpro/libtonc/lib/libtonc.a
START GROUP
LOAD /opt/devkitpro/devkitARM/lib/gcc/arm-none-eabi/15.2.0/thumb/libgcc.a
LOAD /opt/devkitpro/devkitARM/lib/gcc/arm-none-eabi/15.2.0/../../../../arm-none-eabi/lib/thumb/libg.a
LOAD /opt/devkitpro/devkitARM/lib/gcc/arm-none-eabi/15.2.0/../../../../arm-none-eabi/lib/thumb/libc.a
LOAD /opt/devkitpro/devkitARM/lib/gcc/arm-none-eabi/15.2.0/../../../../arm-none-eabi/lib/thumb/libsysbase.a
END GROUP
LOAD /opt/devkitpro/devkitARM/lib/gcc/arm-none-eabi/15.2.0/thumb/crtend.o
LOAD /opt/devkitpro/devkitARM/lib/gcc/arm-none-eabi/15.2.0/thumb/crtn.o
OUTPUT(/home/chris/Projects/gbadev/YAGBAR/YAGBAR.elf elf32-littlearm)
LOAD linker stubs

.debug_loclists
                0x00000000     0xec42
 .debug_loclists
                0x00000000       0xab core.o
 .debug_loclists
                0x000000ab     0x150a math.o
 .debug_loclists
                0x000015b5       0xfe mgba.o
 .debug_loclists
                0x000016b3     0xc7b1 render.o
 .debug_loclists
                0x0000de64      0xb35 main.o
 .debug_loclists
                0x0000e999      0x2a9 /opt/devkitpro/devkitARM/lib/gcc/arm-none-eabi/15.2.0/thumb/libgcc.a(_udivmoddi4.o)

.debug_rnglists
                0x00000000     0x2285
 .debug_rnglists
                0x00000000       0x1a core.o
 .debug_rnglists
                0x0000001a      0x203 math.o
 .debug_rnglists
                0x0000021d     0x1dc3 render.o
 .debug_rnglists
                0x00001fe0      0x291 main.o
 .debug_rnglists
                0x00002271       0x14 /opt/devkitpro/devkitARM/lib/gcc/arm-none-eabi/15.2.0/thumb/libgcc.a(_udivmoddi4.o)

.debug_line_str
                0x00000000       0xe2
 .debug_line_str
                0x00000000       0xe2 /opt/devkitpro/devkitARM/lib/gcc/arm-none-eabi/15.2.0/thumb/libgcc.a(_divsi3.o)
                                 0xcd (size before relaxing)
 .debug_line_str
                0x000000e2        0x0 /opt/devkitpro/devkitARM/lib/gcc/arm-none-eabi/15.2.0/thumb/libgcc.a(_dvmd_tls.o)
                                 0xcd (size before relaxing)
 .debug_line_str
                0x000000e2        0x0 /opt/devkitpro/devkitARM/lib/gcc/arm-none-eabi/15.2.0/thumb/libgcc.a(_thumb1_case_uqi.o)
                                 0xcd (size before relaxing)
 .debug_line_str
                0x000000e2        0x0 /opt/devkitpro/devkitARM/lib/gcc/arm-none-eabi/15.2.0/thumb/libgcc.a(_thumb1_case_uhi.o)
                                 0xcd (size before relaxing)
 .debug_line_str
                0x000000e2        0x0 /opt/devkitpro/devkitARM/lib/gcc/arm-none-eabi/15.2.0/thumb/libgcc.a(_udivsi3.o)
                                 0xcd (size before relaxing)
 .debug_line_str
                0x000000e2        0x0 /opt/devkitpro/devkitARM/lib/gcc/arm-none-eabi/15.2.0/thumb/libgcc.a(_arm_addsubdf3.o)
                                 0xce (size before relaxing)
 .debug_line_str
                0x000000e2        0x0 /opt/devkitpro/devkitARM/lib/gcc/arm-none-eabi/15.2.0/thumb/libgcc.a(_arm_muldivdf3.o)
                                 0xce (size before relaxing)
 .debug_line_str
                0x000000e2        0x0 /opt/devkitpro/devkitARM/lib/gcc/arm-none-eabi/15.2.0/thumb/libgcc.a(_arm_cmpdf2.o)
                                 0xce (size before relaxing)
 .debug_line_str
                0x000000e2        0x0 /opt/devkitpro/devkitARM/lib/gcc/arm-none-eabi/15.2.0/thumb/libgcc.a(_arm_unorddf2.o)
                                 0xce (size before relaxing)
 .debug_line_str
                0x000000e2        0x0 /opt/devkitpro/devkitARM/lib/gcc/arm-none-eabi/15.2.0/thumb/libgcc.a(_arm_fixdfsi.o)
                                 0xce (size before relaxing)
 .debug_line_str